Archive member included to satisfy reference by file (symbol)

c:/st/stm32cubeide_1.6.1/stm32cubeide/plugins/com.st.stm32cube.ide.mcu.externaltools.gnu-tools-for-stm32.9-2020-q2-update.win32_1.5.0.202011040924/tools/bin/../lib/gcc/arm-none-eabi/9.3.1/../../../../arm-none-eabi/lib/thumb/v7e-m+fp/hard\libc_nano.a(lib_a-errno.o)
                              Core/Src/syscalls.o (__errno)
c:/st/stm32cubeide_1.6.1/stm32cubeide/plugins/com.st.stm32cube.ide.mcu.externaltools.gnu-tools-for-stm32.9-2020-q2-update.win32_1.5.0.202011040924/tools/bin/../lib/gcc/arm-none-eabi/9.3.1/../../../../arm-none-eabi/lib/thumb/v7e-m+fp/hard\libc_nano.a(lib_a-exit.o)
                              c:/st/stm32cubeide_1.6.1/stm32cubeide/plugins/com.st.stm32cube.ide.mcu.externaltools.gnu-tools-for-stm32.9-2020-q2-update.win32_1.5.0.202011040924/tools/bin/../lib/gcc/arm-none-eabi/9.3.1/../../../../arm-none-eabi/lib/thumb/v7e-m+fp/hard/crt0.o (exit)
c:/st/stm32cubeide_1.6.1/stm32cubeide/plugins/com.st.stm32cube.ide.mcu.externaltools.gnu-tools-for-stm32.9-2020-q2-update.win32_1.5.0.202011040924/tools/bin/../lib/gcc/arm-none-eabi/9.3.1/../../../../arm-none-eabi/lib/thumb/v7e-m+fp/hard\libc_nano.a(lib_a-impure.o)
                              c:/st/stm32cubeide_1.6.1/stm32cubeide/plugins/com.st.stm32cube.ide.mcu.externaltools.gnu-tools-for-stm32.9-2020-q2-update.win32_1.5.0.202011040924/tools/bin/../lib/gcc/arm-none-eabi/9.3.1/../../../../arm-none-eabi/lib/thumb/v7e-m+fp/hard\libc_nano.a(lib_a-exit.o) (_global_impure_ptr)
c:/st/stm32cubeide_1.6.1/stm32cubeide/plugins/com.st.stm32cube.ide.mcu.externaltools.gnu-tools-for-stm32.9-2020-q2-update.win32_1.5.0.202011040924/tools/bin/../lib/gcc/arm-none-eabi/9.3.1/../../../../arm-none-eabi/lib/thumb/v7e-m+fp/hard\libc_nano.a(lib_a-init.o)
                              c:/st/stm32cubeide_1.6.1/stm32cubeide/plugins/com.st.stm32cube.ide.mcu.externaltools.gnu-tools-for-stm32.9-2020-q2-update.win32_1.5.0.202011040924/tools/bin/../lib/gcc/arm-none-eabi/9.3.1/../../../../arm-none-eabi/lib/thumb/v7e-m+fp/hard/crt0.o (__libc_init_array)
c:/st/stm32cubeide_1.6.1/stm32cubeide/plugins/com.st.stm32cube.ide.mcu.externaltools.gnu-tools-for-stm32.9-2020-q2-update.win32_1.5.0.202011040924/tools/bin/../lib/gcc/arm-none-eabi/9.3.1/../../../../arm-none-eabi/lib/thumb/v7e-m+fp/hard\libc_nano.a(lib_a-memcpy-stub.o)
                              Core/Src/main.o (memcpy)
c:/st/stm32cubeide_1.6.1/stm32cubeide/plugins/com.st.stm32cube.ide.mcu.externaltools.gnu-tools-for-stm32.9-2020-q2-update.win32_1.5.0.202011040924/tools/bin/../lib/gcc/arm-none-eabi/9.3.1/../../../../arm-none-eabi/lib/thumb/v7e-m+fp/hard\libc_nano.a(lib_a-memset.o)
                              c:/st/stm32cubeide_1.6.1/stm32cubeide/plugins/com.st.stm32cube.ide.mcu.externaltools.gnu-tools-for-stm32.9-2020-q2-update.win32_1.5.0.202011040924/tools/bin/../lib/gcc/arm-none-eabi/9.3.1/../../../../arm-none-eabi/lib/thumb/v7e-m+fp/hard/crt0.o (memset)
c:/st/stm32cubeide_1.6.1/stm32cubeide/plugins/com.st.stm32cube.ide.mcu.externaltools.gnu-tools-for-stm32.9-2020-q2-update.win32_1.5.0.202011040924/tools/bin/../lib/gcc/arm-none-eabi/9.3.1/thumb/v7e-m+fp/hard\libgcc.a(_aeabi_uldivmod.o)
                              Drivers/STM32F4xx_HAL_Driver/Src/stm32f4xx_hal_rcc.o (__aeabi_uldivmod)
c:/st/stm32cubeide_1.6.1/stm32cubeide/plugins/com.st.stm32cube.ide.mcu.externaltools.gnu-tools-for-stm32.9-2020-q2-update.win32_1.5.0.202011040924/tools/bin/../lib/gcc/arm-none-eabi/9.3.1/thumb/v7e-m+fp/hard\libgcc.a(_udivmoddi4.o)
                              c:/st/stm32cubeide_1.6.1/stm32cubeide/plugins/com.st.stm32cube.ide.mcu.externaltools.gnu-tools-for-stm32.9-2020-q2-update.win32_1.5.0.202011040924/tools/bin/../lib/gcc/arm-none-eabi/9.3.1/thumb/v7e-m+fp/hard\libgcc.a(_aeabi_uldivmod.o) (__udivmoddi4)
c:/st/stm32cubeide_1.6.1/stm32cubeide/plugins/com.st.stm32cube.ide.mcu.externaltools.gnu-tools-for-stm32.9-2020-q2-update.win32_1.5.0.202011040924/tools/bin/../lib/gcc/arm-none-eabi/9.3.1/thumb/v7e-m+fp/hard\libgcc.a(_dvmd_tls.o)
                              c:/st/stm32cubeide_1.6.1/stm32cubeide/plugins/com.st.stm32cube.ide.mcu.externaltools.gnu-tools-for-stm32.9-2020-q2-update.win32_1.5.0.202011040924/tools/bin/../lib/gcc/arm-none-eabi/9.3.1/thumb/v7e-m+fp/hard\libgcc.a(_aeabi_uldivmod.o) (__aeabi_ldiv0)

Allocating common symbols
Common symbol       size              file

hUsbDeviceFS        0x2d0             USB_DEVICE/App/usb_device.o
hi2c1               0x54              Core/Src/i2c.o
hpcd_USB_OTG_FS     0x408             USB_DEVICE/Target/usbd_conf.o
hi2c2               0x54              Core/Src/i2c.o
uwTick              0x4               Drivers/STM32F4xx_HAL_Driver/Src/stm32f4xx_hal.o
pFlash              0x20              Drivers/STM32F4xx_HAL_Driver/Src/stm32f4xx_hal_flash.o
huart1              0x44              Core/Src/usart.o
hspi1               0x58              Core/Src/spi.o
[...]
Memory Configuration

Name             Origin             Length             Attributes
RAM              0x0000000020000000 0x0000000000010000 xrw
FLASH            0x0000000008000000 0x0000000000040000 xr
*default*        0x0000000000000000 0xffffffffffffffff

Linker script and memory map

LOAD c:/st/stm32cubeide_1.6.1/stm32cubeide/plugins/com.st.stm32cube.ide.mcu.externaltools.gnu-tools-for-stm32.9-2020-q2-update.win32_1.5.0.202011040924/tools/bin/../lib/gcc/arm-none-eabi/9.3.1/thumb/v7e-m+fp/hard/crti.o
LOAD c:/st/stm32cubeide_1.6.1/stm32cubeide/plugins/com.st.stm32cube.ide.mcu.externaltools.gnu-tools-for-stm32.9-2020-q2-update.win32_1.5.0.202011040924/tools/bin/../lib/gcc/arm-none-eabi/9.3.1/thumb/v7e-m+fp/hard/crtbegin.o
LOAD c:/st/stm32cubeide_1.6.1/stm32cubeide/plugins/com.st.stm32cube.ide.mcu.externaltools.gnu-tools-for-stm32.9-2020-q2-update.win32_1.5.0.202011040924/tools/bin/../lib/gcc/arm-none-eabi/9.3.1/../../../../arm-none-eabi/lib/thumb/v7e-m+fp/hard/crt0.o
LOAD Core/Src/gpio.o
LOAD Core/Src/i2c.o
LOAD Core/Src/main.o
LOAD Core/Src/spi.o
LOAD Core/Src/stm32f4xx_hal_msp.o
LOAD Core/Src/stm32f4xx_it.o
LOAD Core/Src/syscalls.o
LOAD Core/Src/sysmem.o
LOAD Core/Src/system_stm32f4xx.o
LOAD Core/Src/usart.o
LOAD Core/Startup/startup_stm32f401ccux.o
LOAD Drivers/STM32F4xx_HAL_Driver/Src/stm32f4xx_hal.o
LOAD Drivers/STM32F4xx_HAL_Driver/Src/stm32f4xx_hal_cortex.o
LOAD Drivers/STM32F4xx_HAL_Driver/Src/stm32f4xx_hal_dma.o
LOAD Drivers/STM32F4xx_HAL_Driver/Src/stm32f4xx_hal_dma_ex.o
LOAD Drivers/STM32F4xx_HAL_Driver/Src/stm32f4xx_hal_exti.o
LOAD Drivers/STM32F4xx_HAL_Driver/Src/stm32f4xx_hal_flash.o
LOAD Drivers/STM32F4xx_HAL_Driver/Src/stm32f4xx_hal_flash_ex.o
LOAD Drivers/STM32F4xx_HAL_Driver/Src/stm32f4xx_hal_flash_ramfunc.o
LOAD Drivers/STM32F4xx_HAL_Driver/Src/stm32f4xx_hal_gpio.o
LOAD Drivers/STM32F4xx_HAL_Driver/Src/stm32f4xx_hal_i2c.o
LOAD Drivers/STM32F4xx_HAL_Driver/Src/stm32f4xx_hal_i2c_ex.o
LOAD Drivers/STM32F4xx_HAL_Driver/Src/stm32f4xx_hal_pcd.o
LOAD Drivers/STM32F4xx_HAL_Driver/Src/stm32f4xx_hal_pcd_ex.o
LOAD Drivers/STM32F4xx_HAL_Driver/Src/stm32f4xx_hal_pwr.o
LOAD Drivers/STM32F4xx_HAL_Driver/Src/stm32f4xx_hal_pwr_ex.o
LOAD Drivers/STM32F4xx_HAL_Driver/Src/stm32f4xx_hal_rcc.o
LOAD Drivers/STM32F4xx_HAL_Driver/Src/stm32f4xx_hal_rcc_ex.o
LOAD Drivers/STM32F4xx_HAL_Driver/Src/stm32f4xx_hal_spi.o
LOAD Drivers/STM32F4xx_HAL_Driver/Src/stm32f4xx_hal_tim.o
LOAD Drivers/STM32F4xx_HAL_Driver/Src/stm32f4xx_hal_tim_ex.o
LOAD Drivers/STM32F4xx_HAL_Driver/Src/stm32f4xx_hal_uart.o
LOAD Drivers/STM32F4xx_HAL_Driver/Src/stm32f4xx_ll_usb.o
LOAD Middlewares/ST/STM32_USB_Device_Library/Class/CustomHID/Src/usbd_customhid.o
LOAD Middlewares/ST/STM32_USB_Device_Library/Core/Src/usbd_core.o
LOAD Middlewares/ST/STM32_USB_Device_Library/Core/Src/usbd_ctlreq.o
LOAD Middlewares/ST/STM32_USB_Device_Library/Core/Src/usbd_ioreq.o
LOAD USB_DEVICE/App/usb_device.o
LOAD USB_DEVICE/App/usbd_custom_hid_if.o
LOAD USB_DEVICE/App/usbd_desc.o
LOAD USB_DEVICE/Target/usbd_conf.o
START GROUP
LOAD c:/st/stm32cubeide_1.6.1/stm32cubeide/plugins/com.st.stm32cube.ide.mcu.externaltools.gnu-tools-for-stm32.9-2020-q2-update.win32_1.5.0.202011040924/tools/bin/../lib/gcc/arm-none-eabi/9.3.1/../../../../arm-none-eabi/lib/thumb/v7e-m+fp/hard\libc_nano.a
LOAD c:/st/stm32cubeide_1.6.1/stm32cubeide/plugins/com.st.stm32cube.ide.mcu.externaltools.gnu-tools-for-stm32.9-2020-q2-update.win32_1.5.0.202011040924/tools/bin/../lib/gcc/arm-none-eabi/9.3.1/../../../../arm-none-eabi/lib/thumb/v7e-m+fp/hard\libm.a
END GROUP
START GROUP
LOAD c:/st/stm32cubeide_1.6.1/stm32cubeide/plugins/com.st.stm32cube.ide.mcu.externaltools.gnu-tools-for-stm32.9-2020-q2-update.win32_1.5.0.202011040924/tools/bin/../lib/gcc/arm-none-eabi/9.3.1/thumb/v7e-m+fp/hard\libgcc.a
LOAD c:/st/stm32cubeide_1.6.1/stm32cubeide/plugins/com.st.stm32cube.ide.mcu.externaltools.gnu-tools-for-stm32.9-2020-q2-update.win32_1.5.0.202011040924/tools/bin/../lib/gcc/arm-none-eabi/9.3.1/../../../../arm-none-eabi/lib/thumb/v7e-m+fp/hard\libc_nano.a
END GROUP
START GROUP
LOAD c:/st/stm32cubeide_1.6.1/stm32cubeide/plugins/com.st.stm32cube.ide.mcu.externaltools.gnu-tools-for-stm32.9-2020-q2-update.win32_1.5.0.202011040924/tools/bin/../lib/gcc/arm-none-eabi/9.3.1/thumb/v7e-m+fp/hard\libgcc.a
LOAD c:/st/stm32cubeide_1.6.1/stm32cubeide/plugins/com.st.stm32cube.ide.mcu.externaltools.gnu-tools-for-stm32.9-2020-q2-update.win32_1.5.0.202011040924/tools/bin/../lib/gcc/arm-none-eabi/9.3.1/../../../../arm-none-eabi/lib/thumb/v7e-m+fp/hard\libc_nano.a
LOAD c:/st/stm32cubeide_1.6.1/stm32cubeide/plugins/com.st.stm32cube.ide.mcu.externaltools.gnu-tools-for-stm32.9-2020-q2-update.win32_1.5.0.202011040924/tools/bin/../lib/gcc/arm-none-eabi/9.3.1/../../../../arm-none-eabi/lib/thumb/v7e-m+fp/hard\libnosys.a
END GROUP
START GROUP
LOAD c:/st/stm32cubeide_1.6.1/stm32cubeide/plugins/com.st.stm32cube.ide.mcu.externaltools.gnu-tools-for-stm32.9-2020-q2-update.win32_1.5.0.202011040924/tools/bin/../lib/gcc/arm-none-eabi/9.3.1/thumb/v7e-m+fp/hard\libgcc.a
LOAD c:/st/stm32cubeide_1.6.1/stm32cubeide/plugins/com.st.stm32cube.ide.mcu.externaltools.gnu-tools-for-stm32.9-2020-q2-update.win32_1.5.0.202011040924/tools/bin/../lib/gcc/arm-none-eabi/9.3.1/../../../../arm-none-eabi/lib/thumb/v7e-m+fp/hard\libc_nano.a
LOAD c:/st/stm32cubeide_1.6.1/stm32cubeide/plugins/com.st.stm32cube.ide.mcu.externaltools.gnu-tools-for-stm32.9-2020-q2-update.win32_1.5.0.202011040924/tools/bin/../lib/gcc/arm-none-eabi/9.3.1/../../../../arm-none-eabi/lib/thumb/v7e-m+fp/hard\libnosys.a
END GROUP
LOAD c:/st/stm32cubeide_1.6.1/stm32cubeide/plugins/com.st.stm32cube.ide.mcu.externaltools.gnu-tools-for-stm32.9-2020-q2-update.win32_1.5.0.202011040924/tools/bin/../lib/gcc/arm-none-eabi/9.3.1/thumb/v7e-m+fp/hard/crtend.o
LOAD c:/st/stm32cubeide_1.6.1/stm32cubeide/plugins/com.st.stm32cube.ide.mcu.externaltools.gnu-tools-for-stm32.9-2020-q2-update.win32_1.5.0.202011040924/tools/bin/../lib/gcc/arm-none-eabi/9.3.1/thumb/v7e-m+fp/hard/crtn.o
                0x0000000020010000                _estack = (ORIGIN (RAM) + LENGTH (RAM))
                0x0000000000000200                _Min_Heap_Size = 0x200
                0x0000000000000400                _Min_Stack_Size = 0x400

.isr_vector     0x0000000008000000      0x194
                0x0000000008000000                . = ALIGN (0x4)
 *(.isr_vector)
 .isr_vector    0x0000000008000000      0x194 Core/Startup/startup_stm32f401ccux.o
                0x0000000008000000                g_pfnVectors
                0x0000000008000194                . = ALIGN (0x4)

.text           0x0000000008000194     0x8000
                0x0000000008000194                . = ALIGN (0x4)
 *(.text)
 .text          0x0000000008000194       0x40 c:/st/stm32cubeide_1.6.1/stm32cubeide/plugins/com.st.stm32cube.ide.mcu.externaltools.gnu-tools-for-stm32.9-2020-q2-update.win32_1.5.0.202011040924/tools/bin/../lib/gcc/arm-none-eabi/9.3.1/thumb/v7e-m+fp/hard/crtbegin.o
 .text          0x00000000080001d4       0x30 c:/st/stm32cubeide_1.6.1/stm32cubeide/plugins/com.st.stm32cube.ide.mcu.externaltools.gnu-tools-for-stm32.9-2020-q2-update.win32_1.5.0.202011040924/tools/bin/../lib/gcc/arm-none-eabi/9.3.1/thumb/v7e-m+fp/hard\libgcc.a(_aeabi_uldivmod.o)
                0x00000000080001d4                __aeabi_uldivmod
 .text          0x0000000008000204      0x2c4 c:/st/stm32cubeide_1.6.1/stm32cubeide/plugins/com.st.stm32cube.ide.mcu.externaltools.gnu-tools-for-stm32.9-2020-q2-update.win32_1.5.0.202011040924/tools/bin/../lib/gcc/arm-none-eabi/9.3.1/thumb/v7e-m+fp/hard\libgcc.a(_udivmoddi4.o)
                0x0000000008000204                __udivmoddi4
 .text          0x00000000080004c8        0x4 c:/st/stm32cubeide_1.6.1/stm32cubeide/plugins/com.st.stm32cube.ide.mcu.externaltools.gnu-tools-for-stm32.9-2020-q2-update.win32_1.5.0.202011040924/tools/bin/../lib/gcc/arm-none-eabi/9.3.1/thumb/v7e-m+fp/hard\libgcc.a(_dvmd_tls.o)
                0x00000000080004c8                __aeabi_idiv0
                0x00000000080004c8                __aeabi_ldiv0
 *(.text*)
 .text.MX_GPIO_Init
                0x00000000080004cc      0x110 Core/Src/gpio.o
                0x00000000080004cc                MX_GPIO_Init
 .text.MX_I2C1_Init
                0x00000000080005dc       0x5c Core/Src/i2c.o
                0x00000000080005dc                MX_I2C1_Init
 .text.MX_I2C2_Init
                0x0000000008000638       0x5c Core/Src/i2c.o
                0x0000000008000638                MX_I2C2_Init
 .text.HAL_I2C_MspInit
                0x0000000008000694      0x118 Core/Src/i2c.o
                0x0000000008000694                HAL_I2C_MspInit
 .text.TCFormatI2C
                0x00000000080007ac       0x80 Core/Src/main.o
                0x00000000080007ac                TCFormatI2C
 .text.TCFormatReadI2C
                0x000000000800082c       0x68 Core/Src/main.o
                0x000000000800082c                TCFormatReadI2C
 .text.main     0x0000000008000894      0x748 Core/Src/main.o
                0x0000000008000894                main
 .text.SystemClock_Config
                0x0000000008000fdc       0xdc Core/Src/main.o
                0x0000000008000fdc                SystemClock_Config
 .text.Error_Handler
                0x00000000080010b8        0xa Core/Src/main.o
                0x00000000080010b8                Error_Handler
 *fill*         0x00000000080010c2        0x2 
 .text.MX_SPI1_Init
                0x00000000080010c4       0x6c Core/Src/spi.o
                0x00000000080010c4                MX_SPI1_Init
 .text.HAL_SPI_MspInit
                0x0000000008001130       0x90 Core/Src/spi.o
                0x0000000008001130                HAL_SPI_MspInit
 .text.HAL_MspInit
                0x00000000080011c0       0x50 Core/Src/stm32f4xx_hal_msp.o
                0x00000000080011c0                HAL_MspInit
 .text.NMI_Handler
                0x0000000008001210        0x6 Core/Src/stm32f4xx_it.o
                0x0000000008001210                NMI_Handler
 .text.HardFault_Handler
                0x0000000008001216        0x6 Core/Src/stm32f4xx_it.o
                0x0000000008001216                HardFault_Handler
 .text.MemManage_Handler
                0x000000000800121c        0x6 Core/Src/stm32f4xx_it.o
                0x000000000800121c                MemManage_Handler
 .text.BusFault_Handler
                0x0000000008001222        0x6 Core/Src/stm32f4xx_it.o
                0x0000000008001222                BusFault_Handler
 .text.UsageFault_Handler
                0x0000000008001228        0x6 Core/Src/stm32f4xx_it.o
                0x0000000008001228                UsageFault_Handler
 .text.SVC_Handler
                0x000000000800122e        0xe Core/Src/stm32f4xx_it.o
                0x000000000800122e                SVC_Handler
 .text.DebugMon_Handler
                0x000000000800123c        0xe Core/Src/stm32f4xx_it.o
                0x000000000800123c                DebugMon_Handler
 .text.PendSV_Handler
                0x000000000800124a        0xe Core/Src/stm32f4xx_it.o
                0x000000000800124a                PendSV_Handler
 .text.SysTick_Handler
                0x0000000008001258        0xc Core/Src/stm32f4xx_it.o
                0x0000000008001258                SysTick_Handler
 .text.OTG_FS_IRQHandler
                0x0000000008001264       0x14 Core/Src/stm32f4xx_it.o
                0x0000000008001264                OTG_FS_IRQHandler
 .text.SystemInit
                0x0000000008001278       0x24 Core/Src/system_stm32f4xx.o
                0x0000000008001278                SystemInit
 .text.MX_USART1_UART_Init
                0x000000000800129c       0x54 Core/Src/usart.o
                0x000000000800129c                MX_USART1_UART_Init
 .text.HAL_UART_MspInit
                0x00000000080012f0       0x90 Core/Src/usart.o
                0x00000000080012f0                HAL_UART_MspInit
 .text.Reset_Handler
                0x0000000008001380       0x50 Core/Startup/startup_stm32f401ccux.o
                0x0000000008001380                Reset_Handler
 .text.Default_Handler
                0x00000000080013d0        0x2 Core/Startup/startup_stm32f401ccux.o
                0x00000000080013d0                RTC_Alarm_IRQHandler
                0x00000000080013d0                EXTI2_IRQHandler
                0x00000000080013d0                SPI4_IRQHandler
                0x00000000080013d0                TIM1_CC_IRQHandler
                0x00000000080013d0                DMA2_Stream5_IRQHandler
                0x00000000080013d0                DMA1_Stream5_IRQHandler
                0x00000000080013d0                PVD_IRQHandler
                0x00000000080013d0                SDIO_IRQHandler
                0x00000000080013d0                TAMP_STAMP_IRQHandler
                0x00000000080013d0                EXTI3_IRQHandler
                0x00000000080013d0                TIM1_UP_TIM10_IRQHandler
                0x00000000080013d0                I2C3_ER_IRQHandler
                0x00000000080013d0                EXTI0_IRQHandler
                0x00000000080013d0                I2C2_EV_IRQHandler
                0x00000000080013d0                DMA1_Stream2_IRQHandler
                0x00000000080013d0                FPU_IRQHandler
                0x00000000080013d0                DMA2_Stream2_IRQHandler
                0x00000000080013d0                SPI1_IRQHandler
                0x00000000080013d0                TIM1_BRK_TIM9_IRQHandler
                0x00000000080013d0                DMA2_Stream3_IRQHandler
                0x00000000080013d0                USART6_IRQHandler
                0x00000000080013d0                DMA2_Stream0_IRQHandler
                0x00000000080013d0                TIM4_IRQHandler
                0x00000000080013d0                I2C1_EV_IRQHandler
                0x00000000080013d0                DMA1_Stream6_IRQHandler
                0x00000000080013d0                DMA1_Stream1_IRQHandler
                0x00000000080013d0                TIM3_IRQHandler
                0x00000000080013d0                RCC_IRQHandler
                0x00000000080013d0                Default_Handler
                0x00000000080013d0                EXTI15_10_IRQHandler
                0x00000000080013d0                ADC_IRQHandler
                0x00000000080013d0                DMA1_Stream7_IRQHandler
                0x00000000080013d0                TIM5_IRQHandler
                0x00000000080013d0                DMA2_Stream7_IRQHandler
                0x00000000080013d0                I2C3_EV_IRQHandler
                0x00000000080013d0                EXTI9_5_IRQHandler
                0x00000000080013d0                RTC_WKUP_IRQHandler
                0x00000000080013d0                SPI2_IRQHandler
                0x00000000080013d0                DMA1_Stream0_IRQHandler
                0x00000000080013d0                EXTI4_IRQHandler
                0x00000000080013d0                WWDG_IRQHandler
                0x00000000080013d0                TIM2_IRQHandler
                0x00000000080013d0                OTG_FS_WKUP_IRQHandler
                0x00000000080013d0                TIM1_TRG_COM_TIM11_IRQHandler
                0x00000000080013d0                EXTI1_IRQHandler
                0x00000000080013d0                USART2_IRQHandler
                0x00000000080013d0                I2C2_ER_IRQHandler
                0x00000000080013d0                DMA2_Stream1_IRQHandler
                0x00000000080013d0                FLASH_IRQHandler
                0x00000000080013d0                DMA2_Stream4_IRQHandler
                0x00000000080013d0                USART1_IRQHandler
                0x00000000080013d0                SPI3_IRQHandler
                0x00000000080013d0                DMA1_Stream4_IRQHandler
                0x00000000080013d0                I2C1_ER_IRQHandler
                0x00000000080013d0                DMA2_Stream6_IRQHandler
                0x00000000080013d0                DMA1_Stream3_IRQHandler
 *fill*         0x00000000080013d2        0x2 
 .text.HAL_Init
                0x00000000080013d4       0x44 Drivers/STM32F4xx_HAL_Driver/Src/stm32f4xx_hal.o
                0x00000000080013d4                HAL_Init
 .text.HAL_InitTick
                0x0000000008001418       0x60 Drivers/STM32F4xx_HAL_Driver/Src/stm32f4xx_hal.o
                0x0000000008001418                HAL_InitTick
 .text.HAL_IncTick
                0x0000000008001478       0x28 Drivers/STM32F4xx_HAL_Driver/Src/stm32f4xx_hal.o
                0x0000000008001478                HAL_IncTick
 .text.HAL_GetTick
                0x00000000080014a0       0x18 Drivers/STM32F4xx_HAL_Driver/Src/stm32f4xx_hal.o
                0x00000000080014a0                HAL_GetTick
 .text.HAL_Delay
                0x00000000080014b8       0x48 Drivers/STM32F4xx_HAL_Driver/Src/stm32f4xx_hal.o
                0x00000000080014b8                HAL_Delay
 .text.__NVIC_SetPriorityGrouping
                0x0000000008001500       0x48 Drivers/STM32F4xx_HAL_Driver/Src/stm32f4xx_hal_cortex.o
 .text.__NVIC_GetPriorityGrouping
                0x0000000008001548       0x1c Drivers/STM32F4xx_HAL_Driver/Src/stm32f4xx_hal_cortex.o
 .text.__NVIC_EnableIRQ
                0x0000000008001564       0x3c Drivers/STM32F4xx_HAL_Driver/Src/stm32f4xx_hal_cortex.o
 .text.__NVIC_SetPriority
                0x00000000080015a0       0x54 Drivers/STM32F4xx_HAL_Driver/Src/stm32f4xx_hal_cortex.o
 .text.NVIC_EncodePriority
                0x00000000080015f4       0x66 Drivers/STM32F4xx_HAL_Driver/Src/stm32f4xx_hal_cortex.o
 *fill*         0x000000000800165a        0x2 
 .text.SysTick_Config
                0x000000000800165c       0x44 Drivers/STM32F4xx_HAL_Driver/Src/stm32f4xx_hal_cortex.o
 .text.HAL_NVIC_SetPriorityGrouping
                0x00000000080016a0       0x16 Drivers/STM32F4xx_HAL_Driver/Src/stm32f4xx_hal_cortex.o
                0x00000000080016a0                HAL_NVIC_SetPriorityGrouping
 .text.HAL_NVIC_SetPriority
                0x00000000080016b6       0x38 Drivers/STM32F4xx_HAL_Driver/Src/stm32f4xx_hal_cortex.o
                0x00000000080016b6                HAL_NVIC_SetPriority
 .text.HAL_NVIC_EnableIRQ
                0x00000000080016ee       0x1c Drivers/STM32F4xx_HAL_Driver/Src/stm32f4xx_hal_cortex.o
                0x00000000080016ee                HAL_NVIC_EnableIRQ
 .text.HAL_SYSTICK_Config
                0x000000000800170a       0x18 Drivers/STM32F4xx_HAL_Driver/Src/stm32f4xx_hal_cortex.o
                0x000000000800170a                HAL_SYSTICK_Config
 *fill*         0x0000000008001722        0x2 
 .text.HAL_GPIO_Init
                0x0000000008001724      0x308 Drivers/STM32F4xx_HAL_Driver/Src/stm32f4xx_hal_gpio.o
                0x0000000008001724                HAL_GPIO_Init
 .text.HAL_GPIO_WritePin
                0x0000000008001a2c       0x32 Drivers/STM32F4xx_HAL_Driver/Src/stm32f4xx_hal_gpio.o
                0x0000000008001a2c                HAL_GPIO_WritePin
 *fill*         0x0000000008001a5e        0x2 
 .text.HAL_I2C_Init
                0x0000000008001a60      0x288 Drivers/STM32F4xx_HAL_Driver/Src/stm32f4xx_hal_i2c.o
                0x0000000008001a60                HAL_I2C_Init
 .text.HAL_I2C_Master_Transmit
                0x0000000008001ce8      0x1fc Drivers/STM32F4xx_HAL_Driver/Src/stm32f4xx_hal_i2c.o
                0x0000000008001ce8                HAL_I2C_Master_Transmit
 .text.HAL_I2C_Master_Receive
                0x0000000008001ee4      0x44c Drivers/STM32F4xx_HAL_Driver/Src/stm32f4xx_hal_i2c.o
                0x0000000008001ee4                HAL_I2C_Master_Receive
 .text.I2C_MasterRequestWrite
                0x0000000008002330      0x104 Drivers/STM32F4xx_HAL_Driver/Src/stm32f4xx_hal_i2c.o
 .text.I2C_MasterRequestRead
                0x0000000008002434      0x19c Drivers/STM32F4xx_HAL_Driver/Src/stm32f4xx_hal_i2c.o
 .text.I2C_WaitOnFlagUntilTimeout
                0x00000000080025d0       0xae Drivers/STM32F4xx_HAL_Driver/Src/stm32f4xx_hal_i2c.o
 .text.I2C_WaitOnMasterAddressFlagUntilTimeout
                0x000000000800267e       0xfe Drivers/STM32F4xx_HAL_Driver/Src/stm32f4xx_hal_i2c.o
 .text.I2C_WaitOnTXEFlagUntilTimeout
                0x000000000800277c       0x82 Drivers/STM32F4xx_HAL_Driver/Src/stm32f4xx_hal_i2c.o
 .text.I2C_WaitOnBTFFlagUntilTimeout
                0x00000000080027fe       0x82 Drivers/STM32F4xx_HAL_Driver/Src/stm32f4xx_hal_i2c.o
 .text.I2C_WaitOnRXNEFlagUntilTimeout
                0x0000000008002880       0xac Drivers/STM32F4xx_HAL_Driver/Src/stm32f4xx_hal_i2c.o
 .text.I2C_IsAcknowledgeFailed
                0x000000000800292c       0x5e Drivers/STM32F4xx_HAL_Driver/Src/stm32f4xx_hal_i2c.o
 .text.HAL_PCD_Init
                0x000000000800298a      0x23a Drivers/STM32F4xx_HAL_Driver/Src/stm32f4xx_hal_pcd.o
                0x000000000800298a                HAL_PCD_Init
 .text.HAL_PCD_Start
                0x0000000008002bc4       0x66 Drivers/STM32F4xx_HAL_Driver/Src/stm32f4xx_hal_pcd.o
                0x0000000008002bc4                HAL_PCD_Start
 .text.HAL_PCD_IRQHandler
                0x0000000008002c2a      0x764 Drivers/STM32F4xx_HAL_Driver/Src/stm32f4xx_hal_pcd.o
                0x0000000008002c2a                HAL_PCD_IRQHandler
 .text.HAL_PCD_SetAddress
                0x000000000800338e       0x4a Drivers/STM32F4xx_HAL_Driver/Src/stm32f4xx_hal_pcd.o
                0x000000000800338e                HAL_PCD_SetAddress
 .text.HAL_PCD_EP_Open
                0x00000000080033d8       0xd0 Drivers/STM32F4xx_HAL_Driver/Src/stm32f4xx_hal_pcd.o
                0x00000000080033d8                HAL_PCD_EP_Open
 .text.HAL_PCD_EP_Close
                0x00000000080034a8       0x94 Drivers/STM32F4xx_HAL_Driver/Src/stm32f4xx_hal_pcd.o
                0x00000000080034a8                HAL_PCD_EP_Close
 .text.HAL_PCD_EP_Receive
                0x000000000800353c       0x96 Drivers/STM32F4xx_HAL_Driver/Src/stm32f4xx_hal_pcd.o
                0x000000000800353c                HAL_PCD_EP_Receive
 .text.HAL_PCD_EP_Transmit
                0x00000000080035d2       0x94 Drivers/STM32F4xx_HAL_Driver/Src/stm32f4xx_hal_pcd.o
                0x00000000080035d2                HAL_PCD_EP_Transmit
 .text.HAL_PCD_EP_SetStall
                0x0000000008003666       0xc8 Drivers/STM32F4xx_HAL_Driver/Src/stm32f4xx_hal_pcd.o
                0x0000000008003666                HAL_PCD_EP_SetStall
 .text.HAL_PCD_EP_ClrStall
                0x000000000800372e       0xac Drivers/STM32F4xx_HAL_Driver/Src/stm32f4xx_hal_pcd.o
                0x000000000800372e                HAL_PCD_EP_ClrStall
 .text.PCD_WriteEmptyTxFifo
                0x00000000080037da      0x11a Drivers/STM32F4xx_HAL_Driver/Src/stm32f4xx_hal_pcd.o
 .text.PCD_EP_OutXfrComplete_int
                0x00000000080038f4      0x218 Drivers/STM32F4xx_HAL_Driver/Src/stm32f4xx_hal_pcd.o
 .text.PCD_EP_OutSetupPacket_int
                0x0000000008003b0c       0x8c Drivers/STM32F4xx_HAL_Driver/Src/stm32f4xx_hal_pcd.o
 .text.HAL_PCDEx_SetTxFiFo
                0x0000000008003b98       0x8e Drivers/STM32F4xx_HAL_Driver/Src/stm32f4xx_hal_pcd_ex.o
                0x0000000008003b98                HAL_PCDEx_SetTxFiFo
 .text.HAL_PCDEx_SetRxFiFo
                0x0000000008003c26       0x22 Drivers/STM32F4xx_HAL_Driver/Src/stm32f4xx_hal_pcd_ex.o
                0x0000000008003c26                HAL_PCDEx_SetRxFiFo
 .text.HAL_PCDEx_LPM_Callback
                0x0000000008003c48       0x18 Drivers/STM32F4xx_HAL_Driver/Src/stm32f4xx_hal_pcd_ex.o
                0x0000000008003c48                HAL_PCDEx_LPM_Callback
 .text.HAL_RCC_OscConfig
                0x0000000008003c60      0x4f0 Drivers/STM32F4xx_HAL_Driver/Src/stm32f4xx_hal_rcc.o
                0x0000000008003c60                HAL_RCC_OscConfig
 .text.HAL_RCC_ClockConfig
                0x0000000008004150      0x1cc Drivers/STM32F4xx_HAL_Driver/Src/stm32f4xx_hal_rcc.o
                0x0000000008004150                HAL_RCC_ClockConfig
 .text.HAL_RCC_GetSysClockFreq
                0x000000000800431c      0x16c Drivers/STM32F4xx_HAL_Driver/Src/stm32f4xx_hal_rcc.o
                0x000000000800431c                HAL_RCC_GetSysClockFreq
 .text.HAL_RCC_GetHCLKFreq
                0x0000000008004488       0x18 Drivers/STM32F4xx_HAL_Driver/Src/stm32f4xx_hal_rcc.o
                0x0000000008004488                HAL_RCC_GetHCLKFreq
 .text.HAL_RCC_GetPCLK1Freq
                0x00000000080044a0       0x28 Drivers/STM32F4xx_HAL_Driver/Src/stm32f4xx_hal_rcc.o
                0x00000000080044a0                HAL_RCC_GetPCLK1Freq
 .text.HAL_RCC_GetPCLK2Freq
                0x00000000080044c8       0x28 Drivers/STM32F4xx_HAL_Driver/Src/stm32f4xx_hal_rcc.o
                0x00000000080044c8                HAL_RCC_GetPCLK2Freq
 .text.HAL_SPI_Init
                0x00000000080044f0      0x112 Drivers/STM32F4xx_HAL_Driver/Src/stm32f4xx_hal_spi.o
                0x00000000080044f0                HAL_SPI_Init
 .text.HAL_UART_Init
                0x0000000008004602       0x9a Drivers/STM32F4xx_HAL_Driver/Src/stm32f4xx_hal_uart.o
                0x0000000008004602                HAL_UART_Init
 .text.UART_SetConfig
                0x000000000800469c      0x390 Drivers/STM32F4xx_HAL_Driver/Src/stm32f4xx_hal_uart.o
 .text.USB_CoreInit
                0x0000000008004a2c       0xc2 Drivers/STM32F4xx_HAL_Driver/Src/stm32f4xx_ll_usb.o
                0x0000000008004a2c                USB_CoreInit
 *fill*         0x0000000008004aee        0x2 
 .text.USB_SetTurnaroundTime
                0x0000000008004af0      0x144 Drivers/STM32F4xx_HAL_Driver/Src/stm32f4xx_ll_usb.o
                0x0000000008004af0                USB_SetTurnaroundTime
 .text.USB_EnableGlobalInt
                0x0000000008004c34       0x22 Drivers/STM32F4xx_HAL_Driver/Src/stm32f4xx_ll_usb.o
                0x0000000008004c34                USB_EnableGlobalInt
 .text.USB_DisableGlobalInt
                0x0000000008004c56       0x22 Drivers/STM32F4xx_HAL_Driver/Src/stm32f4xx_ll_usb.o
                0x0000000008004c56                USB_DisableGlobalInt
 .text.USB_SetCurrentMode
                0x0000000008004c78       0x54 Drivers/STM32F4xx_HAL_Driver/Src/stm32f4xx_ll_usb.o
                0x0000000008004c78                USB_SetCurrentMode
 .text.USB_DevInit
                0x0000000008004ccc      0x2c8 Drivers/STM32F4xx_HAL_Driver/Src/stm32f4xx_ll_usb.o
                0x0000000008004ccc                USB_DevInit
 .text.USB_FlushTxFifo
                0x0000000008004f94       0x4c Drivers/STM32F4xx_HAL_Driver/Src/stm32f4xx_ll_usb.o
                0x0000000008004f94                USB_FlushTxFifo
 .text.USB_FlushRxFifo
                0x0000000008004fe0       0x44 Drivers/STM32F4xx_HAL_Driver/Src/stm32f4xx_ll_usb.o
                0x0000000008004fe0                USB_FlushRxFifo
 .text.USB_SetDevSpeed
                0x0000000008005024       0x32 Drivers/STM32F4xx_HAL_Driver/Src/stm32f4xx_ll_usb.o
                0x0000000008005024                USB_SetDevSpeed
 .text.USB_GetDevSpeed
                0x0000000008005056       0x4a Drivers/STM32F4xx_HAL_Driver/Src/stm32f4xx_ll_usb.o
                0x0000000008005056                USB_GetDevSpeed
 .text.USB_ActivateEndpoint
                0x00000000080050a0      0x10e Drivers/STM32F4xx_HAL_Driver/Src/stm32f4xx_ll_usb.o
                0x00000000080050a0                USB_ActivateEndpoint
 *fill*         0x00000000080051ae        0x2 
 .text.USB_DeactivateEndpoint
                0x00000000080051b0      0x1b8 Drivers/STM32F4xx_HAL_Driver/Src/stm32f4xx_ll_usb.o
                0x00000000080051b0                USB_DeactivateEndpoint
 .text.USB_EPStartXfer
                0x0000000008005368      0x488 Drivers/STM32F4xx_HAL_Driver/Src/stm32f4xx_ll_usb.o
                0x0000000008005368                USB_EPStartXfer
 .text.USB_EP0StartXfer
                0x00000000080057f0      0x2a6 Drivers/STM32F4xx_HAL_Driver/Src/stm32f4xx_ll_usb.o
                0x00000000080057f0                USB_EP0StartXfer
 .text.USB_WritePacket
                0x0000000008005a96       0x6a Drivers/STM32F4xx_HAL_Driver/Src/stm32f4xx_ll_usb.o
                0x0000000008005a96                USB_WritePacket
 .text.USB_ReadPacket
                0x0000000008005b00       0x52 Drivers/STM32F4xx_HAL_Driver/Src/stm32f4xx_ll_usb.o
                0x0000000008005b00                USB_ReadPacket
 .text.USB_EPSetStall
                0x0000000008005b52       0xdc Drivers/STM32F4xx_HAL_Driver/Src/stm32f4xx_ll_usb.o
                0x0000000008005b52                USB_EPSetStall
 .text.USB_EPClearStall
                0x0000000008005c2e       0xcc Drivers/STM32F4xx_HAL_Driver/Src/stm32f4xx_ll_usb.o
                0x0000000008005c2e                USB_EPClearStall
 .text.USB_SetDevAddress
                0x0000000008005cfa       0x4c Drivers/STM32F4xx_HAL_Driver/Src/stm32f4xx_ll_usb.o
                0x0000000008005cfa                USB_SetDevAddress
 .text.USB_DevConnect
                0x0000000008005d46       0x42 Drivers/STM32F4xx_HAL_Driver/Src/stm32f4xx_ll_usb.o
                0x0000000008005d46                USB_DevConnect
 .text.USB_DevDisconnect
                0x0000000008005d88       0x42 Drivers/STM32F4xx_HAL_Driver/Src/stm32f4xx_ll_usb.o
                0x0000000008005d88                USB_DevDisconnect
 .text.USB_ReadInterrupts
                0x0000000008005dca       0x26 Drivers/STM32F4xx_HAL_Driver/Src/stm32f4xx_ll_usb.o
                0x0000000008005dca                USB_ReadInterrupts
 .text.USB_ReadDevAllOutEpInterrupt
                0x0000000008005df0       0x34 Drivers/STM32F4xx_HAL_Driver/Src/stm32f4xx_ll_usb.o
                0x0000000008005df0                USB_ReadDevAllOutEpInterrupt
 .text.USB_ReadDevAllInEpInterrupt
                0x0000000008005e24       0x34 Drivers/STM32F4xx_HAL_Driver/Src/stm32f4xx_ll_usb.o
                0x0000000008005e24                USB_ReadDevAllInEpInterrupt
 .text.USB_ReadDevOutEPInterrupt
                0x0000000008005e58       0x3c Drivers/STM32F4xx_HAL_Driver/Src/stm32f4xx_ll_usb.o
                0x0000000008005e58                USB_ReadDevOutEPInterrupt
 .text.USB_ReadDevInEPInterrupt
                0x0000000008005e94       0x5c Drivers/STM32F4xx_HAL_Driver/Src/stm32f4xx_ll_usb.o
                0x0000000008005e94                USB_ReadDevInEPInterrupt
 .text.USB_GetMode
                0x0000000008005ef0       0x1c Drivers/STM32F4xx_HAL_Driver/Src/stm32f4xx_ll_usb.o
                0x0000000008005ef0                USB_GetMode
 .text.USB_ActivateSetup
                0x0000000008005f0c       0x46 Drivers/STM32F4xx_HAL_Driver/Src/stm32f4xx_ll_usb.o
                0x0000000008005f0c                USB_ActivateSetup
 *fill*         0x0000000008005f52        0x2 
 .text.USB_EP0_OutStart
                0x0000000008005f54       0xbc Drivers/STM32F4xx_HAL_Driver/Src/stm32f4xx_ll_usb.o
                0x0000000008005f54                USB_EP0_OutStart
 .text.USB_CoreReset
                0x0000000008006010       0x68 Drivers/STM32F4xx_HAL_Driver/Src/stm32f4xx_ll_usb.o
 .text.USBD_CUSTOM_HID_Init
                0x0000000008006078       0xa2 Middlewares/ST/STM32_USB_Device_Library/Class/CustomHID/Src/usbd_customhid.o
 .text.USBD_CUSTOM_HID_DeInit
                0x000000000800611a       0x6a Middlewares/ST/STM32_USB_Device_Library/Class/CustomHID/Src/usbd_customhid.o
 .text.USBD_CUSTOM_HID_Setup
                0x0000000008006184      0x214 Middlewares/ST/STM32_USB_Device_Library/Class/CustomHID/Src/usbd_customhid.o
 .text.USBD_CUSTOM_HID_SendReport
                0x0000000008006398       0x5e Middlewares/ST/STM32_USB_Device_Library/Class/CustomHID/Src/usbd_customhid.o
                0x0000000008006398                USBD_CUSTOM_HID_SendReport
 *fill*         0x00000000080063f6        0x2 
 .text.USBD_CUSTOM_HID_GetFSCfgDesc
                0x00000000080063f8       0x20 Middlewares/ST/STM32_USB_Device_Library/Class/CustomHID/Src/usbd_customhid.o
 .text.USBD_CUSTOM_HID_GetHSCfgDesc
                0x0000000008006418       0x20 Middlewares/ST/STM32_USB_Device_Library/Class/CustomHID/Src/usbd_customhid.o
 .text.USBD_CUSTOM_HID_GetOtherSpeedCfgDesc
                0x0000000008006438       0x20 Middlewares/ST/STM32_USB_Device_Library/Class/CustomHID/Src/usbd_customhid.o
 .text.USBD_CUSTOM_HID_DataIn
                0x0000000008006458       0x26 Middlewares/ST/STM32_USB_Device_Library/Class/CustomHID/Src/usbd_customhid.o
 .text.USBD_CUSTOM_HID_DataOut
                0x000000000800647e       0x40 Middlewares/ST/STM32_USB_Device_Library/Class/CustomHID/Src/usbd_customhid.o
 .text.USBD_CUSTOM_HID_ReceivePacket
                0x00000000080064be       0x34 Middlewares/ST/STM32_USB_Device_Library/Class/CustomHID/Src/usbd_customhid.o
                0x00000000080064be                USBD_CUSTOM_HID_ReceivePacket
 .text.USBD_CUSTOM_HID_EP0_RxReady
                0x00000000080064f2       0x46 Middlewares/ST/STM32_USB_Device_Library/Class/CustomHID/Src/usbd_customhid.o
 .text.USBD_CUSTOM_HID_GetDeviceQualifierDesc
                0x0000000008006538       0x20 Middlewares/ST/STM32_USB_Device_Library/Class/CustomHID/Src/usbd_customhid.o
 .text.USBD_CUSTOM_HID_RegisterInterface
                0x0000000008006558       0x2a Middlewares/ST/STM32_USB_Device_Library/Class/CustomHID/Src/usbd_customhid.o
                0x0000000008006558                USBD_CUSTOM_HID_RegisterInterface
 .text.USBD_Init
                0x0000000008006582       0x60 Middlewares/ST/STM32_USB_Device_Library/Core/Src/usbd_core.o
                0x0000000008006582                USBD_Init
 .text.USBD_RegisterClass
                0x00000000080065e2       0x4e Middlewares/ST/STM32_USB_Device_Library/Core/Src/usbd_core.o
                0x00000000080065e2                USBD_RegisterClass
 .text.USBD_Start
                0x0000000008006630       0x18 Middlewares/ST/STM32_USB_Device_Library/Core/Src/usbd_core.o
                0x0000000008006630                USBD_Start
 .text.USBD_RunTestMode
                0x0000000008006648       0x16 Middlewares/ST/STM32_USB_Device_Library/Core/Src/usbd_core.o
                0x0000000008006648                USBD_RunTestMode
 .text.USBD_SetClassConfig
                0x000000000800665e       0x38 Middlewares/ST/STM32_USB_Device_Library/Core/Src/usbd_core.o
                0x000000000800665e                USBD_SetClassConfig
 .text.USBD_ClrClassConfig
                0x0000000008006696       0x30 Middlewares/ST/STM32_USB_Device_Library/Core/Src/usbd_core.o
                0x0000000008006696                USBD_ClrClassConfig
 .text.USBD_LL_SetupStage
                0x00000000080066c6       0xaa Middlewares/ST/STM32_USB_Device_Library/Core/Src/usbd_core.o
                0x00000000080066c6                USBD_LL_SetupStage
 .text.USBD_LL_DataOutStage
                0x0000000008006770       0xc6 Middlewares/ST/STM32_USB_Device_Library/Core/Src/usbd_core.o
                0x0000000008006770                USBD_LL_DataOutStage
 .text.USBD_LL_DataInStage
                0x0000000008006836      0x12c Middlewares/ST/STM32_USB_Device_Library/Core/Src/usbd_core.o
                0x0000000008006836                USBD_LL_DataInStage
 .text.USBD_LL_Reset
                0x0000000008006962       0x9c Middlewares/ST/STM32_USB_Device_Library/Core/Src/usbd_core.o
                0x0000000008006962                USBD_LL_Reset
 .text.USBD_LL_SetSpeed
                0x00000000080069fe       0x20 Middlewares/ST/STM32_USB_Device_Library/Core/Src/usbd_core.o
                0x00000000080069fe                USBD_LL_SetSpeed
 .text.USBD_LL_Suspend
                0x0000000008006a1e       0x2c Middlewares/ST/STM32_USB_Device_Library/Core/Src/usbd_core.o
                0x0000000008006a1e                USBD_LL_Suspend
 .text.USBD_LL_Resume
                0x0000000008006a4a       0x30 Middlewares/ST/STM32_USB_Device_Library/Core/Src/usbd_core.o
                0x0000000008006a4a                USBD_LL_Resume
 .text.USBD_LL_SOF
                0x0000000008006a7a       0x44 Middlewares/ST/STM32_USB_Device_Library/Core/Src/usbd_core.o
                0x0000000008006a7a                USBD_LL_SOF
 .text.USBD_LL_IsoINIncomplete
                0x0000000008006abe       0x4c Middlewares/ST/STM32_USB_Device_Library/Core/Src/usbd_core.o
                0x0000000008006abe                USBD_LL_IsoINIncomplete
 .text.USBD_LL_IsoOUTIncomplete
                0x0000000008006b0a       0x4c Middlewares/ST/STM32_USB_Device_Library/Core/Src/usbd_core.o
                0x0000000008006b0a                USBD_LL_IsoOUTIncomplete
 .text.USBD_LL_DevConnected
                0x0000000008006b56       0x16 Middlewares/ST/STM32_USB_Device_Library/Core/Src/usbd_core.o
                0x0000000008006b56                USBD_LL_DevConnected
 .text.USBD_LL_DevDisconnected
                0x0000000008006b6c       0x38 Middlewares/ST/STM32_USB_Device_Library/Core/Src/usbd_core.o
                0x0000000008006b6c                USBD_LL_DevDisconnected
 .text.SWAPBYTE
                0x0000000008006ba4       0x3c Middlewares/ST/STM32_USB_Device_Library/Core/Src/usbd_ctlreq.o
 .text.USBD_StdDevReq
                0x0000000008006be0       0xdc Middlewares/ST/STM32_USB_Device_Library/Core/Src/usbd_ctlreq.o
                0x0000000008006be0                USBD_StdDevReq
 .text.USBD_StdItfReq
                0x0000000008006cbc       0x92 Middlewares/ST/STM32_USB_Device_Library/Core/Src/usbd_ctlreq.o
                0x0000000008006cbc                USBD_StdItfReq
 .text.USBD_StdEPReq
                0x0000000008006d4e      0x2c4 Middlewares/ST/STM32_USB_Device_Library/Core/Src/usbd_ctlreq.o
                0x0000000008006d4e                USBD_StdEPReq
 *fill*         0x0000000008007012        0x2 
 .text.USBD_GetDescriptor
                0x0000000008007014      0x2d4 Middlewares/ST/STM32_USB_Device_Library/Core/Src/usbd_ctlreq.o
 .text.USBD_SetAddress
                0x00000000080072e8       0x88 Middlewares/ST/STM32_USB_Device_Library/Core/Src/usbd_ctlreq.o
 .text.USBD_SetConfig
                0x0000000008007370      0x14c Middlewares/ST/STM32_USB_Device_Library/Core/Src/usbd_ctlreq.o
 .text.USBD_GetConfig
                0x00000000080074bc       0x6c Middlewares/ST/STM32_USB_Device_Library/Core/Src/usbd_ctlreq.o
 .text.USBD_GetStatus
                0x0000000008007528       0x68 Middlewares/ST/STM32_USB_Device_Library/Core/Src/usbd_ctlreq.o
 .text.USBD_SetFeature
                0x0000000008007590       0x28 Middlewares/ST/STM32_USB_Device_Library/Core/Src/usbd_ctlreq.o
 .text.USBD_ClrFeature
                0x00000000080075b8       0x44 Middlewares/ST/STM32_USB_Device_Library/Core/Src/usbd_ctlreq.o
 .text.USBD_ParseSetupRequest
                0x00000000080075fc       0x74 Middlewares/ST/STM32_USB_Device_Library/Core/Src/usbd_ctlreq.o
                0x00000000080075fc                USBD_ParseSetupRequest
 .text.USBD_CtlError
                0x0000000008007670       0x22 Middlewares/ST/STM32_USB_Device_Library/Core/Src/usbd_ctlreq.o
                0x0000000008007670                USBD_CtlError
 .text.USBD_GetString
                0x0000000008007692       0x8c Middlewares/ST/STM32_USB_Device_Library/Core/Src/usbd_ctlreq.o
                0x0000000008007692                USBD_GetString
 .text.USBD_GetLen
                0x000000000800771e       0x34 Middlewares/ST/STM32_USB_Device_Library/Core/Src/usbd_ctlreq.o
 .text.USBD_CtlSendData
                0x0000000008007752       0x36 Middlewares/ST/STM32_USB_Device_Library/Core/Src/usbd_ioreq.o
                0x0000000008007752                USBD_CtlSendData
 .text.USBD_CtlContinueSendData
                0x0000000008007788       0x22 Middlewares/ST/STM32_USB_Device_Library/Core/Src/usbd_ioreq.o
                0x0000000008007788                USBD_CtlContinueSendData
 .text.USBD_CtlPrepareRx
                0x00000000080077aa       0x3a Middlewares/ST/STM32_USB_Device_Library/Core/Src/usbd_ioreq.o
                0x00000000080077aa                USBD_CtlPrepareRx
 .text.USBD_CtlContinueRx
                0x00000000080077e4       0x22 Middlewares/ST/STM32_USB_Device_Library/Core/Src/usbd_ioreq.o
                0x00000000080077e4                USBD_CtlContinueRx
 .text.USBD_CtlSendStatus
                0x0000000008007806       0x26 Middlewares/ST/STM32_USB_Device_Library/Core/Src/usbd_ioreq.o
                0x0000000008007806                USBD_CtlSendStatus
 .text.USBD_CtlReceiveStatus
                0x000000000800782c       0x26 Middlewares/ST/STM32_USB_Device_Library/Core/Src/usbd_ioreq.o
                0x000000000800782c                USBD_CtlReceiveStatus
 *fill*         0x0000000008007852        0x2 
 .text.MX_USB_DEVICE_Init
                0x0000000008007854       0x60 USB_DEVICE/App/usb_device.o
                0x0000000008007854                MX_USB_DEVICE_Init
 .text.CUSTOM_HID_Init_FS
                0x00000000080078b4       0x10 USB_DEVICE/App/usbd_custom_hid_if.o
 .text.CUSTOM_HID_DeInit_FS
                0x00000000080078c4       0x10 USB_DEVICE/App/usbd_custom_hid_if.o
 .text.CUSTOM_HID_OutEvent_FS
                0x00000000080078d4       0x24 USB_DEVICE/App/usbd_custom_hid_if.o
 .text.USBD_FS_DeviceDescriptor
                0x00000000080078f8       0x24 USB_DEVICE/App/usbd_desc.o
                0x00000000080078f8                USBD_FS_DeviceDescriptor
 .text.USBD_FS_LangIDStrDescriptor
                0x000000000800791c       0x24 USB_DEVICE/App/usbd_desc.o
                0x000000000800791c                USBD_FS_LangIDStrDescriptor
 .text.USBD_FS_ProductStrDescriptor
                0x0000000008007940       0x3c USB_DEVICE/App/usbd_desc.o
                0x0000000008007940                USBD_FS_ProductStrDescriptor
 .text.USBD_FS_ManufacturerStrDescriptor
                0x000000000800797c       0x28 USB_DEVICE/App/usbd_desc.o
                0x000000000800797c                USBD_FS_ManufacturerStrDescriptor
 .text.USBD_FS_SerialStrDescriptor
                0x00000000080079a4       0x24 USB_DEVICE/App/usbd_desc.o
                0x00000000080079a4                USBD_FS_SerialStrDescriptor
 .text.USBD_FS_ConfigStrDescriptor
                0x00000000080079c8       0x3c USB_DEVICE/App/usbd_desc.o
                0x00000000080079c8                USBD_FS_ConfigStrDescriptor
 .text.USBD_FS_InterfaceStrDescriptor
                0x0000000008007a04       0x3c USB_DEVICE/App/usbd_desc.o
                0x0000000008007a04                USBD_FS_InterfaceStrDescriptor
 .text.Get_SerialNum
                0x0000000008007a40       0x58 USB_DEVICE/App/usbd_desc.o
 .text.IntToUnicode
                0x0000000008007a98       0x7e USB_DEVICE/App/usbd_desc.o
 *fill*         0x0000000008007b16        0x2 
 .text.HAL_PCD_MspInit
                0x0000000008007b18       0xa8 USB_DEVICE/Target/usbd_conf.o
                0x0000000008007b18                HAL_PCD_MspInit
 .text.HAL_PCD_SetupStageCallback
                0x0000000008007bc0       0x24 USB_DEVICE/Target/usbd_conf.o
                0x0000000008007bc0                HAL_PCD_SetupStageCallback
 .text.HAL_PCD_DataOutStageCallback
                0x0000000008007be4       0x36 USB_DEVICE/Target/usbd_conf.o
                0x0000000008007be4                HAL_PCD_DataOutStageCallback
 .text.HAL_PCD_DataInStageCallback
                0x0000000008007c1a       0x34 USB_DEVICE/Target/usbd_conf.o
                0x0000000008007c1a                HAL_PCD_DataInStageCallback
 .text.HAL_PCD_SOFCallback
                0x0000000008007c4e       0x1c USB_DEVICE/Target/usbd_conf.o
                0x0000000008007c4e                HAL_PCD_SOFCallback
 .text.HAL_PCD_ResetCallback
                0x0000000008007c6a       0x3c USB_DEVICE/Target/usbd_conf.o
                0x0000000008007c6a                HAL_PCD_ResetCallback
 *fill*         0x0000000008007ca6        0x2 
 .text.HAL_PCD_SuspendCallback
                0x0000000008007ca8       0x4c USB_DEVICE/Target/usbd_conf.o
                0x0000000008007ca8                HAL_PCD_SuspendCallback
 .text.HAL_PCD_ResumeCallback
                0x0000000008007cf4       0x1c USB_DEVICE/Target/usbd_conf.o
                0x0000000008007cf4                HAL_PCD_ResumeCallback
 .text.HAL_PCD_ISOOUTIncompleteCallback
                0x0000000008007d10       0x24 USB_DEVICE/Target/usbd_conf.o
                0x0000000008007d10                HAL_PCD_ISOOUTIncompleteCallback
 .text.HAL_PCD_ISOINIncompleteCallback
                0x0000000008007d34       0x24 USB_DEVICE/Target/usbd_conf.o
                0x0000000008007d34                HAL_PCD_ISOINIncompleteCallback
 .text.HAL_PCD_ConnectCallback
                0x0000000008007d58       0x1c USB_DEVICE/Target/usbd_conf.o
                0x0000000008007d58                HAL_PCD_ConnectCallback
 .text.HAL_PCD_DisconnectCallback
                0x0000000008007d74       0x1c USB_DEVICE/Target/usbd_conf.o
                0x0000000008007d74                HAL_PCD_DisconnectCallback
 .text.USBD_LL_Init
                0x0000000008007d90       0x98 USB_DEVICE/Target/usbd_conf.o
                0x0000000008007d90                USBD_LL_Init
 .text.USBD_LL_Start
                0x0000000008007e28       0x36 USB_DEVICE/Target/usbd_conf.o
                0x0000000008007e28                USBD_LL_Start
 .text.USBD_LL_OpenEP
                0x0000000008007e5e       0x4c USB_DEVICE/Target/usbd_conf.o
                0x0000000008007e5e                USBD_LL_OpenEP
 .text.USBD_LL_CloseEP
                0x0000000008007eaa       0x3e USB_DEVICE/Target/usbd_conf.o
                0x0000000008007eaa                USBD_LL_CloseEP
 .text.USBD_LL_StallEP
                0x0000000008007ee8       0x3e USB_DEVICE/Target/usbd_conf.o
                0x0000000008007ee8                USBD_LL_StallEP
 .text.USBD_LL_ClearStallEP
                0x0000000008007f26       0x3e USB_DEVICE/Target/usbd_conf.o
                0x0000000008007f26                USBD_LL_ClearStallEP
 .text.USBD_LL_IsStallEP
                0x0000000008007f64       0x58 USB_DEVICE/Target/usbd_conf.o
                0x0000000008007f64                USBD_LL_IsStallEP
 .text.USBD_LL_SetUSBAddress
                0x0000000008007fbc       0x3e USB_DEVICE/Target/usbd_conf.o
                0x0000000008007fbc                USBD_LL_SetUSBAddress
 .text.USBD_LL_Transmit
                0x0000000008007ffa       0x42 USB_DEVICE/Target/usbd_conf.o
                0x0000000008007ffa                USBD_LL_Transmit
 .text.USBD_LL_PrepareReceive
                0x000000000800803c       0x42 USB_DEVICE/Target/usbd_conf.o
                0x000000000800803c                USBD_LL_PrepareReceive
 *fill*         0x000000000800807e        0x2 
 .text.USBD_static_malloc
                0x0000000008008080       0x1c USB_DEVICE/Target/usbd_conf.o
                0x0000000008008080                USBD_static_malloc
 .text.USBD_static_free
                0x000000000800809c       0x14 USB_DEVICE/Target/usbd_conf.o
                0x000000000800809c                USBD_static_free
 .text.USBD_Get_USB_Status
                0x00000000080080b0       0x58 USB_DEVICE/Target/usbd_conf.o
                0x00000000080080b0                USBD_Get_USB_Status
 .text.__libc_init_array
                0x0000000008008108       0x48 c:/st/stm32cubeide_1.6.1/stm32cubeide/plugins/com.st.stm32cube.ide.mcu.externaltools.gnu-tools-for-stm32.9-2020-q2-update.win32_1.5.0.202011040924/tools/bin/../lib/gcc/arm-none-eabi/9.3.1/../../../../arm-none-eabi/lib/thumb/v7e-m+fp/hard\libc_nano.a(lib_a-init.o)
                0x0000000008008108                __libc_init_array
 .text.memcpy   0x0000000008008150       0x1c c:/st/stm32cubeide_1.6.1/stm32cubeide/plugins/com.st.stm32cube.ide.mcu.externaltools.gnu-tools-for-stm32.9-2020-q2-update.win32_1.5.0.202011040924/tools/bin/../lib/gcc/arm-none-eabi/9.3.1/../../../../arm-none-eabi/lib/thumb/v7e-m+fp/hard\libc_nano.a(lib_a-memcpy-stub.o)
                0x0000000008008150                memcpy
 .text.memset   0x000000000800816c       0x10 c:/st/stm32cubeide_1.6.1/stm32cubeide/plugins/com.st.stm32cube.ide.mcu.externaltools.gnu-tools-for-stm32.9-2020-q2-update.win32_1.5.0.202011040924/tools/bin/../lib/gcc/arm-none-eabi/9.3.1/../../../../arm-none-eabi/lib/thumb/v7e-m+fp/hard\libc_nano.a(lib_a-memset.o)
                0x000000000800816c                memset
 *(.glue_7)
 .glue_7        0x000000000800817c        0x0 linker stubs
 *(.glue_7t)
 .glue_7t       0x000000000800817c        0x0 linker stubs
 *(.eh_frame)
 .eh_frame      0x000000000800817c        0x0 c:/st/stm32cubeide_1.6.1/stm32cubeide/plugins/com.st.stm32cube.ide.mcu.externaltools.gnu-tools-for-stm32.9-2020-q2-update.win32_1.5.0.202011040924/tools/bin/../lib/gcc/arm-none-eabi/9.3.1/thumb/v7e-m+fp/hard/crtbegin.o
 *(.init)
 .init          0x000000000800817c        0x4 c:/st/stm32cubeide_1.6.1/stm32cubeide/plugins/com.st.stm32cube.ide.mcu.externaltools.gnu-tools-for-stm32.9-2020-q2-update.win32_1.5.0.202011040924/tools/bin/../lib/gcc/arm-none-eabi/9.3.1/thumb/v7e-m+fp/hard/crti.o
                0x000000000800817c                _init
 .init          0x0000000008008180        0x8 c:/st/stm32cubeide_1.6.1/stm32cubeide/plugins/com.st.stm32cube.ide.mcu.externaltools.gnu-tools-for-stm32.9-2020-q2-update.win32_1.5.0.202011040924/tools/bin/../lib/gcc/arm-none-eabi/9.3.1/thumb/v7e-m+fp/hard/crtn.o
 *(.fini)
 .fini          0x0000000008008188        0x4 c:/st/stm32cubeide_1.6.1/stm32cubeide/plugins/com.st.stm32cube.ide.mcu.externaltools.gnu-tools-for-stm32.9-2020-q2-update.win32_1.5.0.202011040924/tools/bin/../lib/gcc/arm-none-eabi/9.3.1/thumb/v7e-m+fp/hard/crti.o
                0x0000000008008188                _fini
 .fini          0x000000000800818c        0x8 c:/st/stm32cubeide_1.6.1/stm32cubeide/plugins/com.st.stm32cube.ide.mcu.externaltools.gnu-tools-for-stm32.9-2020-q2-update.win32_1.5.0.202011040924/tools/bin/../lib/gcc/arm-none-eabi/9.3.1/thumb/v7e-m+fp/hard/crtn.o
                0x0000000008008194                . = ALIGN (0x4)
                0x0000000008008194                _etext = .

.vfp11_veneer   0x0000000008008194        0x0
 .vfp11_veneer  0x0000000008008194        0x0 linker stubs

.v4_bx          0x0000000008008194        0x0
 .v4_bx         0x0000000008008194        0x0 linker stubs

.iplt           0x0000000008008194        0x0
 .iplt          0x0000000008008194        0x0 c:/st/stm32cubeide_1.6.1/stm32cubeide/plugins/com.st.stm32cube.ide.mcu.externaltools.gnu-tools-for-stm32.9-2020-q2-update.win32_1.5.0.202011040924/tools/bin/../lib/gcc/arm-none-eabi/9.3.1/thumb/v7e-m+fp/hard/crtbegin.o

.rodata         0x0000000008008194      0x17c
                0x0000000008008194                . = ALIGN (0x4)
 *(.rodata)
 .rodata        0x0000000008008194      0x102 Core/Src/main.o
 *fill*         0x0000000008008296        0x2 
 .rodata        0x0000000008008298       0x5d USB_DEVICE/App/usbd_desc.o
 *(.rodata*)
 *fill*         0x00000000080082f5        0x3 
 .rodata.AHBPrescTable
                0x00000000080082f8       0x10 Core/Src/system_stm32f4xx.o
                0x00000000080082f8                AHBPrescTable
 .rodata.APBPrescTable
                0x0000000008008308        0x8 Core/Src/system_stm32f4xx.o
                0x0000000008008308                APBPrescTable
                0x0000000008008310                . = ALIGN (0x4)

.ARM.extab      0x0000000008008310        0x0
                0x0000000008008310                . = ALIGN (0x4)
 *(.ARM.extab* .gnu.linkonce.armextab.*)
                0x0000000008008310                . = ALIGN (0x4)

.ARM            0x0000000008008310        0x8
                0x0000000008008310                . = ALIGN (0x4)
                0x0000000008008310                __exidx_start = .
 *(.ARM.exidx*)
 .ARM.exidx     0x0000000008008310        0x8 c:/st/stm32cubeide_1.6.1/stm32cubeide/plugins/com.st.stm32cube.ide.mcu.externaltools.gnu-tools-for-stm32.9-2020-q2-update.win32_1.5.0.202011040924/tools/bin/../lib/gcc/arm-none-eabi/9.3.1/thumb/v7e-m+fp/hard\libgcc.a(_udivmoddi4.o)
                0x0000000008008318                __exidx_end = .
                0x0000000008008318                . = ALIGN (0x4)

.rel.dyn        0x0000000008008318        0x0
 .rel.iplt      0x0000000008008318        0x0 c:/st/stm32cubeide_1.6.1/stm32cubeide/plugins/com.st.stm32cube.ide.mcu.externaltools.gnu-tools-for-stm32.9-2020-q2-update.win32_1.5.0.202011040924/tools/bin/../lib/gcc/arm-none-eabi/9.3.1/thumb/v7e-m+fp/hard/crtbegin.o

.preinit_array  0x0000000008008318        0x0
                0x0000000008008318                . = ALIGN (0x4)
                0x0000000008008318                PROVIDE (__preinit_array_start = .)
 *(.preinit_array*)
                0x0000000008008318                PROVIDE (__preinit_array_end = .)
                0x0000000008008318                . = ALIGN (0x4)

.init_array     0x0000000008008318        0x4
                0x0000000008008318                . = ALIGN (0x4)
                0x0000000008008318                PROVIDE (__init_array_start = .)
 *(SORT_BY_NAME(.init_array.*))
 *(.init_array*)
 .init_array    0x0000000008008318        0x4 c:/st/stm32cubeide_1.6.1/stm32cubeide/plugins/com.st.stm32cube.ide.mcu.externaltools.gnu-tools-for-stm32.9-2020-q2-update.win32_1.5.0.202011040924/tools/bin/../lib/gcc/arm-none-eabi/9.3.1/thumb/v7e-m+fp/hard/crtbegin.o
                0x000000000800831c                PROVIDE (__init_array_end = .)
                0x000000000800831c                . = ALIGN (0x4)

.fini_array     0x000000000800831c        0x4
                0x000000000800831c                . = ALIGN (0x4)
                [!provide]                        PROVIDE (__fini_array_start = .)
 *(SORT_BY_NAME(.fini_array.*))
 *(.fini_array*)
 .fini_array    0x000000000800831c        0x4 c:/st/stm32cubeide_1.6.1/stm32cubeide/plugins/com.st.stm32cube.ide.mcu.externaltools.gnu-tools-for-stm32.9-2020-q2-update.win32_1.5.0.202011040924/tools/bin/../lib/gcc/arm-none-eabi/9.3.1/thumb/v7e-m+fp/hard/crtbegin.o
                [!provide]                        PROVIDE (__fini_array_end = .)
                0x0000000008008320                . = ALIGN (0x4)
                0x0000000008008320                _sidata = LOADADDR (.data)

.data           0x0000000020000000      0x158 load address 0x0000000008008320
                0x0000000020000000                . = ALIGN (0x4)
                0x0000000020000000                _sdata = .
 *(.data)
 *(.data*)
 .data.SystemCoreClock
                0x0000000020000000        0x4 Core/Src/system_stm32f4xx.o
                0x0000000020000000                SystemCoreClock
 .data.uwTickPrio
                0x0000000020000004        0x4 Drivers/STM32F4xx_HAL_Driver/Src/stm32f4xx_hal.o
                0x0000000020000004                uwTickPrio
 .data.uwTickFreq
                0x0000000020000008        0x1 Drivers/STM32F4xx_HAL_Driver/Src/stm32f4xx_hal.o
                0x0000000020000008                uwTickFreq
 *fill*         0x0000000020000009        0x3 
 .data.USBD_CUSTOM_HID
                0x000000002000000c       0x38 Middlewares/ST/STM32_USB_Device_Library/Class/CustomHID/Src/usbd_customhid.o
                0x000000002000000c                USBD_CUSTOM_HID
 .data.USBD_CUSTOM_HID_CfgFSDesc
                0x0000000020000044       0x29 Middlewares/ST/STM32_USB_Device_Library/Class/CustomHID/Src/usbd_customhid.o
 *fill*         0x000000002000006d        0x3 
 .data.USBD_CUSTOM_HID_CfgHSDesc
                0x0000000020000070       0x29 Middlewares/ST/STM32_USB_Device_Library/Class/CustomHID/Src/usbd_customhid.o
 *fill*         0x0000000020000099        0x3 
 .data.USBD_CUSTOM_HID_OtherSpeedCfgDesc
                0x000000002000009c       0x29 Middlewares/ST/STM32_USB_Device_Library/Class/CustomHID/Src/usbd_customhid.o
 *fill*         0x00000000200000c5        0x3 
 .data.USBD_CUSTOM_HID_Desc
                0x00000000200000c8        0x9 Middlewares/ST/STM32_USB_Device_Library/Class/CustomHID/Src/usbd_customhid.o
 *fill*         0x00000000200000d1        0x3 
 .data.USBD_CUSTOM_HID_DeviceQualifierDesc
                0x00000000200000d4        0xa Middlewares/ST/STM32_USB_Device_Library/Class/CustomHID/Src/usbd_customhid.o
 *fill*         0x00000000200000de        0x2 
 .data.CUSTOM_HID_ReportDesc_FS
                0x00000000200000e0       0x16 USB_DEVICE/App/usbd_custom_hid_if.o
 *fill*         0x00000000200000f6        0x2 
 .data.USBD_CustomHID_fops_FS
                0x00000000200000f8       0x10 USB_DEVICE/App/usbd_custom_hid_if.o
                0x00000000200000f8                USBD_CustomHID_fops_FS
 .data.FS_Desc  0x0000000020000108       0x1c USB_DEVICE/App/usbd_desc.o
                0x0000000020000108                FS_Desc
 .data.USBD_FS_DeviceDesc
                0x0000000020000124       0x12 USB_DEVICE/App/usbd_desc.o
                0x0000000020000124                USBD_FS_DeviceDesc
 *fill*         0x0000000020000136        0x2 
 .data.USBD_LangIDDesc
                0x0000000020000138        0x4 USB_DEVICE/App/usbd_desc.o
                0x0000000020000138                USBD_LangIDDesc
 .data.USBD_StringSerial
                0x000000002000013c       0x1a USB_DEVICE/App/usbd_desc.o
                0x000000002000013c                USBD_StringSerial
 *(.RamFunc)
 *(.RamFunc*)
                0x0000000020000158                . = ALIGN (0x4)
 *fill*         0x0000000020000156        0x2 
                0x0000000020000158                _edata = .

.igot.plt       0x0000000020000158        0x0 load address 0x0000000008008478
 .igot.plt      0x0000000020000158        0x0 c:/st/stm32cubeide_1.6.1/stm32cubeide/plugins/com.st.stm32cube.ide.mcu.externaltools.gnu-tools-for-stm32.9-2020-q2-update.win32_1.5.0.202011040924/tools/bin/../lib/gcc/arm-none-eabi/9.3.1/thumb/v7e-m+fp/hard/crtbegin.o
                0x0000000020000158                . = ALIGN (0x4)

.bss            0x0000000020000158      0xa6c load address 0x0000000008008478
                0x0000000020000158                _sbss = .
                0x0000000020000158                __bss_start__ = _sbss
 *(.bss)
 .bss           0x0000000020000158       0x1c c:/st/stm32cubeide_1.6.1/stm32cubeide/plugins/com.st.stm32cube.ide.mcu.externaltools.gnu-tools-for-stm32.9-2020-q2-update.win32_1.5.0.202011040924/tools/bin/../lib/gcc/arm-none-eabi/9.3.1/thumb/v7e-m+fp/hard/crtbegin.o
 *(.bss*)
 .bss.aTxBuffer
                0x0000000020000174        0x6 Core/Src/main.o
                0x0000000020000174                aTxBuffer
 .bss.cfgidx.10277
                0x000000002000017a        0x1 Middlewares/ST/STM32_USB_Device_Library/Core/Src/usbd_ctlreq.o
 *fill*         0x000000002000017b        0x1 
 .bss.mem.10329
                0x000000002000017c       0x28 USB_DEVICE/Target/usbd_conf.o
 *(COMMON)
 COMMON         0x00000000200001a4       0xa8 Core/Src/i2c.o
                0x00000000200001a4                hi2c1
                0x00000000200001f8                hi2c2
 COMMON         0x000000002000024c       0x58 Core/Src/spi.o
                0x000000002000024c                hspi1
 COMMON         0x00000000200002a4       0x44 Core/Src/usart.o
                0x00000000200002a4                huart1
 COMMON         0x00000000200002e8        0x4 Drivers/STM32F4xx_HAL_Driver/Src/stm32f4xx_hal.o
                0x00000000200002e8                uwTick
 COMMON         0x00000000200002ec      0x2d0 USB_DEVICE/App/usb_device.o
                0x00000000200002ec                hUsbDeviceFS
 COMMON         0x00000000200005bc      0x200 USB_DEVICE/App/usbd_desc.o
                0x00000000200005bc                USBD_StrDesc
 COMMON         0x00000000200007bc      0x408 USB_DEVICE/Target/usbd_conf.o
                0x00000000200007bc                hpcd_USB_OTG_FS
                0x0000000020000bc4                . = ALIGN (0x4)
                0x0000000020000bc4                _ebss = .
                0x0000000020000bc4                __bss_end__ = _ebss

._user_heap_stack
                0x0000000020000bc4      0x604 load address 0x0000000008008478
                0x0000000020000bc8                . = ALIGN (0x8)
 *fill*         0x0000000020000bc4        0x4 
                [!provide]                        PROVIDE (end = .)
                0x0000000020000bc8                PROVIDE (_end = .)
                0x0000000020000dc8                . = (. + _Min_Heap_Size)
 *fill*         0x0000000020000bc8      0x200 
                0x00000000200011c8                . = (. + _Min_Stack_Size)
 *fill*         0x0000000020000dc8      0x400 
                0x00000000200011c8                . = ALIGN (0x8)

/DISCARD/
 libc.a(*)
 libm.a(*)
 libgcc.a(*)

.ARM.attributes
                0x0000000000000000       0x30
 *(.ARM.attributes)
 .ARM.attributes
                0x0000000000000000       0x1e c:/st/stm32cubeide_1.6.1/stm32cubeide/plugins/com.st.stm32cube.ide.mcu.externaltools.gnu-tools-for-stm32.9-2020-q2-update.win32_1.5.0.202011040924/tools/bin/../lib/gcc/arm-none-eabi/9.3.1/thumb/v7e-m+fp/hard/crti.o
 .ARM.attributes
                0x000000000000001e       0x34 c:/st/stm32cubeide_1.6.1/stm32cubeide/plugins/com.st.stm32cube.ide.mcu.externaltools.gnu-tools-for-stm32.9-2020-q2-update.win32_1.5.0.202011040924/tools/bin/../lib/gcc/arm-none-eabi/9.3.1/thumb/v7e-m+fp/hard/crtbegin.o
 .ARM.attributes
                0x0000000000000052       0x34 Core/Src/gpio.o
 .ARM.attributes
                0x0000000000000086       0x34 Core/Src/i2c.o
 .ARM.attributes
                0x00000000000000ba       0x34 Core/Src/main.o
 .ARM.attributes
                0x00000000000000ee       0x34 Core/Src/spi.o
 .ARM.attributes
                0x0000000000000122       0x34 Core/Src/stm32f4xx_hal_msp.o
 .ARM.attributes
                0x0000000000000156       0x34 Core/Src/stm32f4xx_it.o
 .ARM.attributes
                0x000000000000018a       0x34 Core/Src/system_stm32f4xx.o
 .ARM.attributes
                0x00000000000001be       0x34 Core/Src/usart.o
 .ARM.attributes
                0x00000000000001f2       0x21 Core/Startup/startup_stm32f401ccux.o
 .ARM.attributes
                0x0000000000000213       0x34 Drivers/STM32F4xx_HAL_Driver/Src/stm32f4xx_hal.o
 .ARM.attributes
                0x0000000000000247       0x34 Drivers/STM32F4xx_HAL_Driver/Src/stm32f4xx_hal_cortex.o
 .ARM.attributes
                0x000000000000027b       0x34 Drivers/STM32F4xx_HAL_Driver/Src/stm32f4xx_hal_gpio.o
 .ARM.attributes
                0x00000000000002af       0x34 Drivers/STM32F4xx_HAL_Driver/Src/stm32f4xx_hal_i2c.o
 .ARM.attributes
                0x00000000000002e3       0x34 Drivers/STM32F4xx_HAL_Driver/Src/stm32f4xx_hal_pcd.o
 .ARM.attributes
                0x0000000000000317       0x34 Drivers/STM32F4xx_HAL_Driver/Src/stm32f4xx_hal_pcd_ex.o
 .ARM.attributes
                0x000000000000034b       0x34 Drivers/STM32F4xx_HAL_Driver/Src/stm32f4xx_hal_rcc.o
 .ARM.attributes
                0x000000000000037f       0x34 Drivers/STM32F4xx_HAL_Driver/Src/stm32f4xx_hal_spi.o
 .ARM.attributes
                0x00000000000003b3       0x34 Drivers/STM32F4xx_HAL_Driver/Src/stm32f4xx_hal_uart.o
 .ARM.attributes
                0x00000000000003e7       0x34 Drivers/STM32F4xx_HAL_Driver/Src/stm32f4xx_ll_usb.o
 .ARM.attributes
                0x000000000000041b       0x34 Middlewares/ST/STM32_USB_Device_Library/Class/CustomHID/Src/usbd_customhid.o
 .ARM.attributes
                0x000000000000044f       0x34 Middlewares/ST/STM32_USB_Device_Library/Core/Src/usbd_core.o
 .ARM.attributes
                0x0000000000000483       0x34 Middlewares/ST/STM32_USB_Device_Library/Core/Src/usbd_ctlreq.o
 .ARM.attributes
                0x00000000000004b7       0x34 Middlewares/ST/STM32_USB_Device_Library/Core/Src/usbd_ioreq.o
 .ARM.attributes
                0x00000000000004eb       0x34 USB_DEVICE/App/usb_device.o
 .ARM.attributes
                0x000000000000051f       0x34 USB_DEVICE/App/usbd_custom_hid_if.o
 .ARM.attributes
                0x0000000000000553       0x34 USB_DEVICE/App/usbd_desc.o
 .ARM.attributes
                0x0000000000000587       0x34 USB_DEVICE/Target/usbd_conf.o
 .ARM.attributes
                0x00000000000005bb       0x34 c:/st/stm32cubeide_1.6.1/stm32cubeide/plugins/com.st.stm32cube.ide.mcu.externaltools.gnu-tools-for-stm32.9-2020-q2-update.win32_1.5.0.202011040924/tools/bin/../lib/gcc/arm-none-eabi/9.3.1/../../../../arm-none-eabi/lib/thumb/v7e-m+fp/hard\libc_nano.a(lib_a-init.o)
 .ARM.attributes
                0x00000000000005ef       0x34 c:/st/stm32cubeide_1.6.1/stm32cubeide/plugins/com.st.stm32cube.ide.mcu.externaltools.gnu-tools-for-stm32.9-2020-q2-update.win32_1.5.0.202011040924/tools/bin/../lib/gcc/arm-none-eabi/9.3.1/../../../../arm-none-eabi/lib/thumb/v7e-m+fp/hard\libc_nano.a(lib_a-memcpy-stub.o)
 .ARM.attributes
                0x0000000000000623       0x34 c:/st/stm32cubeide_1.6.1/stm32cubeide/plugins/com.st.stm32cube.ide.mcu.externaltools.gnu-tools-for-stm32.9-2020-q2-update.win32_1.5.0.202011040924/tools/bin/../lib/gcc/arm-none-eabi/9.3.1/../../../../arm-none-eabi/lib/thumb/v7e-m+fp/hard\libc_nano.a(lib_a-memset.o)
 .ARM.attributes
                0x0000000000000657       0x1e c:/st/stm32cubeide_1.6.1/stm32cubeide/plugins/com.st.stm32cube.ide.mcu.externaltools.gnu-tools-for-stm32.9-2020-q2-update.win32_1.5.0.202011040924/tools/bin/../lib/gcc/arm-none-eabi/9.3.1/thumb/v7e-m+fp/hard\libgcc.a(_aeabi_uldivmod.o)
 .ARM.attributes
                0x0000000000000675       0x34 c:/st/stm32cubeide_1.6.1/stm32cubeide/plugins/com.st.stm32cube.ide.mcu.externaltools.gnu-tools-for-stm32.9-2020-q2-update.win32_1.5.0.202011040924/tools/bin/../lib/gcc/arm-none-eabi/9.3.1/thumb/v7e-m+fp/hard\libgcc.a(_udivmoddi4.o)
 .ARM.attributes
                0x00000000000006a9       0x1e c:/st/stm32cubeide_1.6.1/stm32cubeide/plugins/com.st.stm32cube.ide.mcu.externaltools.gnu-tools-for-stm32.9-2020-q2-update.win32_1.5.0.202011040924/tools/bin/../lib/gcc/arm-none-eabi/9.3.1/thumb/v7e-m+fp/hard\libgcc.a(_dvmd_tls.o)
 .ARM.attributes
                0x00000000000006c7       0x1e c:/st/stm32cubeide_1.6.1/stm32cubeide/plugins/com.st.stm32cube.ide.mcu.externaltools.gnu-tools-for-stm32.9-2020-q2-update.win32_1.5.0.202011040924/tools/bin/../lib/gcc/arm-none-eabi/9.3.1/thumb/v7e-m+fp/hard/crtn.o
OUTPUT(ConversionFirm.elf elf32-littlearm)
LOAD linker stubs
LOAD c:/st/stm32cubeide_1.6.1/stm32cubeide/plugins/com.st.stm32cube.ide.mcu.externaltools.gnu-tools-for-stm32.9-2020-q2-update.win32_1.5.0.202011040924/tools/bin/../lib/gcc/arm-none-eabi/9.3.1/../../../../arm-none-eabi/lib/thumb/v7e-m+fp/hard\libc.a
LOAD c:/st/stm32cubeide_1.6.1/stm32cubeide/plugins/com.st.stm32cube.ide.mcu.externaltools.gnu-tools-for-stm32.9-2020-q2-update.win32_1.5.0.202011040924/tools/bin/../lib/gcc/arm-none-eabi/9.3.1/../../../../arm-none-eabi/lib/thumb/v7e-m+fp/hard\libm.a
LOAD c:/st/stm32cubeide_1.6.1/stm32cubeide/plugins/com.st.stm32cube.ide.mcu.externaltools.gnu-tools-for-stm32.9-2020-q2-update.win32_1.5.0.202011040924/tools/bin/../lib/gcc/arm-none-eabi/9.3.1/thumb/v7e-m+fp/hard\libgcc.a

.debug_info     0x0000000000000000    0x1a337
 .debug_info    0x0000000000000000      0x521 Core/Src/gpio.o
 .debug_info    0x0000000000000521      0xb15 Core/Src/i2c.o
 .debug_info    0x0000000000001036     0x1ef2 Core/Src/main.o
 .debug_info    0x0000000000002f28      0xa7e Core/Src/spi.o
 .debug_info    0x00000000000039a6      0x3c0 Core/Src/stm32f4xx_hal_msp.o
 .debug_info    0x0000000000003d66      0x6db Core/Src/stm32f4xx_it.o
 .debug_info    0x0000000000004441      0x5d0 Core/Src/system_stm32f4xx.o
 .debug_info    0x0000000000004a11      0xa28 Core/Src/usart.o
 .debug_info    0x0000000000005439       0x22 Core/Startup/startup_stm32f401ccux.o
 .debug_info    0x000000000000545b      0x93d Drivers/STM32F4xx_HAL_Driver/Src/stm32f4xx_hal.o
 .debug_info    0x0000000000005d98      0xe41 Drivers/STM32F4xx_HAL_Driver/Src/stm32f4xx_hal_cortex.o
 .debug_info    0x0000000000006bd9      0x862 Drivers/STM32F4xx_HAL_Driver/Src/stm32f4xx_hal_gpio.o
 .debug_info    0x000000000000743b     0x2639 Drivers/STM32F4xx_HAL_Driver/Src/stm32f4xx_hal_i2c.o
 .debug_info    0x0000000000009a74     0x12d5 Drivers/STM32F4xx_HAL_Driver/Src/stm32f4xx_hal_pcd.o
 .debug_info    0x000000000000ad49      0x7c3 Drivers/STM32F4xx_HAL_Driver/Src/stm32f4xx_hal_pcd_ex.o
 .debug_info    0x000000000000b50c      0x9bd Drivers/STM32F4xx_HAL_Driver/Src/stm32f4xx_hal_rcc.o
 .debug_info    0x000000000000bec9     0x17b8 Drivers/STM32F4xx_HAL_Driver/Src/stm32f4xx_hal_spi.o
 .debug_info    0x000000000000d681     0x165d Drivers/STM32F4xx_HAL_Driver/Src/stm32f4xx_hal_uart.o
 .debug_info    0x000000000000ecde     0x1a8c Drivers/STM32F4xx_HAL_Driver/Src/stm32f4xx_ll_usb.o
 .debug_info    0x000000000001076a     0x1421 Middlewares/ST/STM32_USB_Device_Library/Class/CustomHID/Src/usbd_customhid.o
 .debug_info    0x0000000000011b8b     0x13a7 Middlewares/ST/STM32_USB_Device_Library/Core/Src/usbd_core.o
 .debug_info    0x0000000000012f32     0x1373 Middlewares/ST/STM32_USB_Device_Library/Core/Src/usbd_ctlreq.o
 .debug_info    0x00000000000142a5     0x1095 Middlewares/ST/STM32_USB_Device_Library/Core/Src/usbd_ioreq.o
 .debug_info    0x000000000001533a      0xfad USB_DEVICE/App/usb_device.o
 .debug_info    0x00000000000162e7     0x101f USB_DEVICE/App/usbd_custom_hid_if.o
 .debug_info    0x0000000000017306      0xdfa USB_DEVICE/App/usbd_desc.o
 .debug_info    0x0000000000018100     0x2237 USB_DEVICE/Target/usbd_conf.o

.debug_abbrev   0x0000000000000000     0x3ab3
 .debug_abbrev  0x0000000000000000      0x14e Core/Src/gpio.o
 .debug_abbrev  0x000000000000014e      0x1bb Core/Src/i2c.o
 .debug_abbrev  0x0000000000000309      0x2c5 Core/Src/main.o
 .debug_abbrev  0x00000000000005ce      0x1bb Core/Src/spi.o
 .debug_abbrev  0x0000000000000789      0x11d Core/Src/stm32f4xx_hal_msp.o
 .debug_abbrev  0x00000000000008a6      0x184 Core/Src/stm32f4xx_it.o
 .debug_abbrev  0x0000000000000a2a      0x145 Core/Src/system_stm32f4xx.o
 .debug_abbrev  0x0000000000000b6f      0x1bb Core/Src/usart.o
 .debug_abbrev  0x0000000000000d2a       0x12 Core/Startup/startup_stm32f401ccux.o
 .debug_abbrev  0x0000000000000d3c      0x21e Drivers/STM32F4xx_HAL_Driver/Src/stm32f4xx_hal.o
 .debug_abbrev  0x0000000000000f5a      0x33c Drivers/STM32F4xx_HAL_Driver/Src/stm32f4xx_hal_cortex.o
 .debug_abbrev  0x0000000000001296      0x1f1 Drivers/STM32F4xx_HAL_Driver/Src/stm32f4xx_hal_gpio.o
 .debug_abbrev  0x0000000000001487      0x293 Drivers/STM32F4xx_HAL_Driver/Src/stm32f4xx_hal_i2c.o
 .debug_abbrev  0x000000000000171a      0x2a0 Drivers/STM32F4xx_HAL_Driver/Src/stm32f4xx_hal_pcd.o
 .debug_abbrev  0x00000000000019ba      0x1fb Drivers/STM32F4xx_HAL_Driver/Src/stm32f4xx_hal_pcd_ex.o
 .debug_abbrev  0x0000000000001bb5      0x275 Drivers/STM32F4xx_HAL_Driver/Src/stm32f4xx_hal_rcc.o
 .debug_abbrev  0x0000000000001e2a      0x26e Drivers/STM32F4xx_HAL_Driver/Src/stm32f4xx_hal_spi.o
 .debug_abbrev  0x0000000000002098      0x29c Drivers/STM32F4xx_HAL_Driver/Src/stm32f4xx_hal_uart.o
 .debug_abbrev  0x0000000000002334      0x2a7 Drivers/STM32F4xx_HAL_Driver/Src/stm32f4xx_ll_usb.o
 .debug_abbrev  0x00000000000025db      0x2e0 Middlewares/ST/STM32_USB_Device_Library/Class/CustomHID/Src/usbd_customhid.o
 .debug_abbrev  0x00000000000028bb      0x2b7 Middlewares/ST/STM32_USB_Device_Library/Core/Src/usbd_core.o
 .debug_abbrev  0x0000000000002b72      0x2fc Middlewares/ST/STM32_USB_Device_Library/Core/Src/usbd_ctlreq.o
 .debug_abbrev  0x0000000000002e6e      0x22a Middlewares/ST/STM32_USB_Device_Library/Core/Src/usbd_ioreq.o
 .debug_abbrev  0x0000000000003098      0x204 USB_DEVICE/App/usb_device.o
 .debug_abbrev  0x000000000000329c      0x241 USB_DEVICE/App/usbd_custom_hid_if.o
 .debug_abbrev  0x00000000000034dd      0x2aa USB_DEVICE/App/usbd_desc.o
 .debug_abbrev  0x0000000000003787      0x32c USB_DEVICE/Target/usbd_conf.o

.debug_aranges  0x0000000000000000     0x1208
 .debug_aranges
                0x0000000000000000       0x20 Core/Src/gpio.o
 .debug_aranges
                0x0000000000000020       0x38 Core/Src/i2c.o
 .debug_aranges
                0x0000000000000058       0x40 Core/Src/main.o
 .debug_aranges
                0x0000000000000098       0x30 Core/Src/spi.o
 .debug_aranges
                0x00000000000000c8       0x20 Core/Src/stm32f4xx_hal_msp.o
 .debug_aranges
                0x00000000000000e8       0x68 Core/Src/stm32f4xx_it.o
 .debug_aranges
                0x0000000000000150       0x28 Core/Src/system_stm32f4xx.o
 .debug_aranges
                0x0000000000000178       0x30 Core/Src/usart.o
 .debug_aranges
                0x00000000000001a8       0x28 Core/Startup/startup_stm32f401ccux.o
 .debug_aranges
                0x00000000000001d0       0xf0 Drivers/STM32F4xx_HAL_Driver/Src/stm32f4xx_hal.o
 .debug_aranges
                0x00000000000002c0      0x118 Drivers/STM32F4xx_HAL_Driver/Src/stm32f4xx_hal_cortex.o
 .debug_aranges
                0x00000000000003d8       0x58 Drivers/STM32F4xx_HAL_Driver/Src/stm32f4xx_hal_gpio.o
 .debug_aranges
                0x0000000000000430      0x2a0 Drivers/STM32F4xx_HAL_Driver/Src/stm32f4xx_hal_i2c.o
 .debug_aranges
                0x00000000000006d0      0x138 Drivers/STM32F4xx_HAL_Driver/Src/stm32f4xx_hal_pcd.o
 .debug_aranges
                0x0000000000000808       0x38 Drivers/STM32F4xx_HAL_Driver/Src/stm32f4xx_hal_pcd_ex.o
 .debug_aranges
                0x0000000000000840       0x88 Drivers/STM32F4xx_HAL_Driver/Src/stm32f4xx_hal_rcc.o
 .debug_aranges
                0x00000000000008c8      0x1d0 Drivers/STM32F4xx_HAL_Driver/Src/stm32f4xx_hal_spi.o
 .debug_aranges
                0x0000000000000a98      0x200 Drivers/STM32F4xx_HAL_Driver/Src/stm32f4xx_hal_uart.o
 .debug_aranges
                0x0000000000000c98      0x198 Drivers/STM32F4xx_HAL_Driver/Src/stm32f4xx_ll_usb.o
 .debug_aranges
                0x0000000000000e30       0x80 Middlewares/ST/STM32_USB_Device_Library/Class/CustomHID/Src/usbd_customhid.o
 .debug_aranges
                0x0000000000000eb0       0xb8 Middlewares/ST/STM32_USB_Device_Library/Core/Src/usbd_core.o
 .debug_aranges
                0x0000000000000f68       0x90 Middlewares/ST/STM32_USB_Device_Library/Core/Src/usbd_ctlreq.o
 .debug_aranges
                0x0000000000000ff8       0x50 Middlewares/ST/STM32_USB_Device_Library/Core/Src/usbd_ioreq.o
 .debug_aranges
                0x0000000000001048       0x20 USB_DEVICE/App/usb_device.o
 .debug_aranges
                0x0000000000001068       0x30 USB_DEVICE/App/usbd_custom_hid_if.o
 .debug_aranges
                0x0000000000001098       0x60 USB_DEVICE/App/usbd_desc.o
 .debug_aranges
                0x00000000000010f8      0x110 USB_DEVICE/Target/usbd_conf.o

.debug_ranges   0x0000000000000000     0x10b8
 .debug_ranges  0x0000000000000000       0x10 Core/Src/gpio.o
 .debug_ranges  0x0000000000000010       0x28 Core/Src/i2c.o
 .debug_ranges  0x0000000000000038       0x30 Core/Src/main.o
 .debug_ranges  0x0000000000000068       0x20 Core/Src/spi.o
 .debug_ranges  0x0000000000000088       0x10 Core/Src/stm32f4xx_hal_msp.o
 .debug_ranges  0x0000000000000098       0x58 Core/Src/stm32f4xx_it.o
 .debug_ranges  0x00000000000000f0       0x18 Core/Src/system_stm32f4xx.o
 .debug_ranges  0x0000000000000108       0x20 Core/Src/usart.o
 .debug_ranges  0x0000000000000128       0x20 Core/Startup/startup_stm32f401ccux.o
 .debug_ranges  0x0000000000000148       0xe0 Drivers/STM32F4xx_HAL_Driver/Src/stm32f4xx_hal.o
 .debug_ranges  0x0000000000000228      0x108 Drivers/STM32F4xx_HAL_Driver/Src/stm32f4xx_hal_cortex.o
 .debug_ranges  0x0000000000000330       0x48 Drivers/STM32F4xx_HAL_Driver/Src/stm32f4xx_hal_gpio.o
 .debug_ranges  0x0000000000000378      0x2b8 Drivers/STM32F4xx_HAL_Driver/Src/stm32f4xx_hal_i2c.o
 .debug_ranges  0x0000000000000630      0x128 Drivers/STM32F4xx_HAL_Driver/Src/stm32f4xx_hal_pcd.o
 .debug_ranges  0x0000000000000758       0x28 Drivers/STM32F4xx_HAL_Driver/Src/stm32f4xx_hal_pcd_ex.o
 .debug_ranges  0x0000000000000780       0x78 Drivers/STM32F4xx_HAL_Driver/Src/stm32f4xx_hal_rcc.o
 .debug_ranges  0x00000000000007f8      0x1c0 Drivers/STM32F4xx_HAL_Driver/Src/stm32f4xx_hal_spi.o
 .debug_ranges  0x00000000000009b8      0x220 Drivers/STM32F4xx_HAL_Driver/Src/stm32f4xx_hal_uart.o
 .debug_ranges  0x0000000000000bd8      0x188 Drivers/STM32F4xx_HAL_Driver/Src/stm32f4xx_ll_usb.o
 .debug_ranges  0x0000000000000d60       0x70 Middlewares/ST/STM32_USB_Device_Library/Class/CustomHID/Src/usbd_customhid.o
 .debug_ranges  0x0000000000000dd0       0xa8 Middlewares/ST/STM32_USB_Device_Library/Core/Src/usbd_core.o
 .debug_ranges  0x0000000000000e78       0x80 Middlewares/ST/STM32_USB_Device_Library/Core/Src/usbd_ctlreq.o
 .debug_ranges  0x0000000000000ef8       0x40 Middlewares/ST/STM32_USB_Device_Library/Core/Src/usbd_ioreq.o
 .debug_ranges  0x0000000000000f38       0x10 USB_DEVICE/App/usb_device.o
 .debug_ranges  0x0000000000000f48       0x20 USB_DEVICE/App/usbd_custom_hid_if.o
 .debug_ranges  0x0000000000000f68       0x50 USB_DEVICE/App/usbd_desc.o
 .debug_ranges  0x0000000000000fb8      0x100 USB_DEVICE/Target/usbd_conf.o

.debug_macro    0x0000000000000000    0x19a72
 .debug_macro   0x0000000000000000      0x21a Core/Src/gpio.o
 .debug_macro   0x000000000000021a      0xaa8 Core/Src/gpio.o
 .debug_macro   0x0000000000000cc2      0x2a7 Core/Src/gpio.o
 .debug_macro   0x0000000000000f69       0x2e Core/Src/gpio.o
 .debug_macro   0x0000000000000f97       0x28 Core/Src/gpio.o
 .debug_macro   0x0000000000000fbf       0x22 Core/Src/gpio.o
 .debug_macro   0x0000000000000fe1       0x8e Core/Src/gpio.o
 .debug_macro   0x000000000000106f       0x51 Core/Src/gpio.o
 .debug_macro   0x00000000000010c0      0x103 Core/Src/gpio.o
 .debug_macro   0x00000000000011c3       0x6a Core/Src/gpio.o
 .debug_macro   0x000000000000122d      0x1df Core/Src/gpio.o
 .debug_macro   0x000000000000140c       0x1c Core/Src/gpio.o
 .debug_macro   0x0000000000001428       0x22 Core/Src/gpio.o
 .debug_macro   0x000000000000144a       0xdf Core/Src/gpio.o
 .debug_macro   0x0000000000001529     0x102d Core/Src/gpio.o
 .debug_macro   0x0000000000002556      0x11f Core/Src/gpio.o
 .debug_macro   0x0000000000002675     0xb850 Core/Src/gpio.o
 .debug_macro   0x000000000000dec5       0x43 Core/Src/gpio.o
 .debug_macro   0x000000000000df08     0x3659 Core/Src/gpio.o
 .debug_macro   0x0000000000011561      0x174 Core/Src/gpio.o
 .debug_macro   0x00000000000116d5       0x5c Core/Src/gpio.o
 .debug_macro   0x0000000000011731      0x416 Core/Src/gpio.o
 .debug_macro   0x0000000000011b47      0x9fe Core/Src/gpio.o
 .debug_macro   0x0000000000012545      0x117 Core/Src/gpio.o
 .debug_macro   0x000000000001265c       0xf8 Core/Src/gpio.o
 .debug_macro   0x0000000000012754       0x82 Core/Src/gpio.o
 .debug_macro   0x00000000000127d6      0x15f Core/Src/gpio.o
 .debug_macro   0x0000000000012935      0x287 Core/Src/gpio.o
 .debug_macro   0x0000000000012bbc       0x5f Core/Src/gpio.o
 .debug_macro   0x0000000000012c1b      0x236 Core/Src/gpio.o
 .debug_macro   0x0000000000012e51      0x132 Core/Src/gpio.o
 .debug_macro   0x0000000000012f83      0x23a Core/Src/gpio.o
 .debug_macro   0x00000000000131bd       0x2e Core/Src/gpio.o
 .debug_macro   0x00000000000131eb      0x1b5 Core/Src/gpio.o
 .debug_macro   0x00000000000133a0       0x22 Core/Src/gpio.o
 .debug_macro   0x00000000000133c2       0xd6 Core/Src/gpio.o
 .debug_macro   0x0000000000013498      0x11a Core/Src/gpio.o
 .debug_macro   0x00000000000135b2       0x85 Core/Src/gpio.o
 .debug_macro   0x0000000000013637       0x89 Core/Src/gpio.o
 .debug_macro   0x00000000000136c0      0x225 Core/Src/gpio.o
 .debug_macro   0x00000000000138e5      0x295 Core/Src/gpio.o
 .debug_macro   0x0000000000013b7a      0x21e Core/Src/gpio.o
 .debug_macro   0x0000000000013d98       0xba Core/Src/gpio.o
 .debug_macro   0x0000000000013e52      0x126 Core/Src/gpio.o
 .debug_macro   0x0000000000013f78       0x7c Core/Src/gpio.o
 .debug_macro   0x0000000000013ff4      0x21a Core/Src/i2c.o
 .debug_macro   0x000000000001420e      0x468 Core/Src/main.o
 .debug_macro   0x0000000000014676       0x52 Core/Src/main.o
 .debug_macro   0x00000000000146c8       0x18 Core/Src/main.o
 .debug_macro   0x00000000000146e0       0x3c Core/Src/main.o
 .debug_macro   0x000000000001471c       0x34 Core/Src/main.o
 .debug_macro   0x0000000000014750       0x16 Core/Src/main.o
 .debug_macro   0x0000000000014766       0x35 Core/Src/main.o
 .debug_macro   0x000000000001479b      0x333 Core/Src/main.o
 .debug_macro   0x0000000000014ace       0x10 Core/Src/main.o
 .debug_macro   0x0000000000014ade       0x16 Core/Src/main.o
 .debug_macro   0x0000000000014af4       0x43 Core/Src/main.o
 .debug_macro   0x0000000000014b37       0x34 Core/Src/main.o
 .debug_macro   0x0000000000014b6b       0x10 Core/Src/main.o
 .debug_macro   0x0000000000014b7b       0x58 Core/Src/main.o
 .debug_macro   0x0000000000014bd3       0x71 Core/Src/main.o
 .debug_macro   0x0000000000014c44       0x1c Core/Src/main.o
 .debug_macro   0x0000000000014c60      0x12a Core/Src/main.o
 .debug_macro   0x0000000000014d8a       0x10 Core/Src/main.o
 .debug_macro   0x0000000000014d9a       0x1c Core/Src/main.o
 .debug_macro   0x0000000000014db6       0x52 Core/Src/main.o
 .debug_macro   0x0000000000014e08       0x22 Core/Src/main.o
 .debug_macro   0x0000000000014e2a       0x10 Core/Src/main.o
 .debug_macro   0x0000000000014e3a       0x40 Core/Src/main.o
 .debug_macro   0x0000000000014e7a       0xd5 Core/Src/main.o
 .debug_macro   0x0000000000014f4f       0x1c Core/Src/main.o
 .debug_macro   0x0000000000014f6b       0x3d Core/Src/main.o
 .debug_macro   0x0000000000014fa8       0x16 Core/Src/main.o
 .debug_macro   0x0000000000014fbe      0x145 Core/Src/main.o
 .debug_macro   0x0000000000015103       0x16 Core/Src/main.o
 .debug_macro   0x0000000000015119       0x16 Core/Src/main.o
 .debug_macro   0x000000000001512f       0x29 Core/Src/main.o
 .debug_macro   0x0000000000015158       0x16 Core/Src/main.o
 .debug_macro   0x000000000001516e       0x20 Core/Src/main.o
 .debug_macro   0x000000000001518e       0x78 Core/Src/main.o
 .debug_macro   0x0000000000015206      0x1ef Core/Src/main.o
 .debug_macro   0x00000000000153f5       0x65 Core/Src/main.o
 .debug_macro   0x000000000001545a      0x21a Core/Src/spi.o
 .debug_macro   0x0000000000015674      0x210 Core/Src/stm32f4xx_hal_msp.o
 .debug_macro   0x0000000000015884      0x21a Core/Src/stm32f4xx_it.o
 .debug_macro   0x0000000000015a9e      0x201 Core/Src/system_stm32f4xx.o
 .debug_macro   0x0000000000015c9f      0x21a Core/Src/usart.o
 .debug_macro   0x0000000000015eb9      0x261 Drivers/STM32F4xx_HAL_Driver/Src/stm32f4xx_hal.o
 .debug_macro   0x000000000001611a      0x201 Drivers/STM32F4xx_HAL_Driver/Src/stm32f4xx_hal_cortex.o
 .debug_macro   0x000000000001631b      0x207 Drivers/STM32F4xx_HAL_Driver/Src/stm32f4xx_hal_gpio.o
 .debug_macro   0x0000000000016522      0x248 Drivers/STM32F4xx_HAL_Driver/Src/stm32f4xx_hal_i2c.o
 .debug_macro   0x000000000001676a      0x20d Drivers/STM32F4xx_HAL_Driver/Src/stm32f4xx_hal_pcd.o
 .debug_macro   0x0000000000016977      0x201 Drivers/STM32F4xx_HAL_Driver/Src/stm32f4xx_hal_pcd_ex.o
 .debug_macro   0x0000000000016b78      0x225 Drivers/STM32F4xx_HAL_Driver/Src/stm32f4xx_hal_rcc.o
 .debug_macro   0x0000000000016d9d      0x210 Drivers/STM32F4xx_HAL_Driver/Src/stm32f4xx_hal_spi.o
 .debug_macro   0x0000000000016fad      0x202 Drivers/STM32F4xx_HAL_Driver/Src/stm32f4xx_hal_uart.o
 .debug_macro   0x00000000000171af      0x201 Drivers/STM32F4xx_HAL_Driver/Src/stm32f4xx_ll_usb.o
 .debug_macro   0x00000000000173b0      0x426 Middlewares/ST/STM32_USB_Device_Library/Class/CustomHID/Src/usbd_customhid.o
 .debug_macro   0x00000000000177d6       0x97 Middlewares/ST/STM32_USB_Device_Library/Class/CustomHID/Src/usbd_customhid.o
 .debug_macro   0x000000000001786d       0xfd Middlewares/ST/STM32_USB_Device_Library/Class/CustomHID/Src/usbd_customhid.o
 .debug_macro   0x000000000001796a       0xd9 Middlewares/ST/STM32_USB_Device_Library/Class/CustomHID/Src/usbd_customhid.o
 .debug_macro   0x0000000000017a43       0x56 Middlewares/ST/STM32_USB_Device_Library/Class/CustomHID/Src/usbd_customhid.o
 .debug_macro   0x0000000000017a99      0x40d Middlewares/ST/STM32_USB_Device_Library/Core/Src/usbd_core.o
 .debug_macro   0x0000000000017ea6      0x1f5 Middlewares/ST/STM32_USB_Device_Library/Core/Src/usbd_core.o
 .debug_macro   0x000000000001809b      0x417 Middlewares/ST/STM32_USB_Device_Library/Core/Src/usbd_ctlreq.o
 .debug_macro   0x00000000000184b2      0x413 Middlewares/ST/STM32_USB_Device_Library/Core/Src/usbd_ioreq.o
 .debug_macro   0x00000000000188c5      0x447 USB_DEVICE/App/usb_device.o
 .debug_macro   0x0000000000018d0c       0x82 USB_DEVICE/App/usb_device.o
 .debug_macro   0x0000000000018d8e       0x22 USB_DEVICE/App/usb_device.o
 .debug_macro   0x0000000000018db0      0x42c USB_DEVICE/App/usbd_custom_hid_if.o
 .debug_macro   0x00000000000191dc      0x450 USB_DEVICE/App/usbd_desc.o
 .debug_macro   0x000000000001962c       0x1c USB_DEVICE/App/usbd_desc.o
 .debug_macro   0x0000000000019648      0x42a USB_DEVICE/Target/usbd_conf.o

.debug_line     0x0000000000000000    0x17d7c
 .debug_line    0x0000000000000000      0x756 Core/Src/gpio.o
 .debug_line    0x0000000000000756      0x80c Core/Src/i2c.o
 .debug_line    0x0000000000000f62      0xc5f Core/Src/main.o
 .debug_line    0x0000000000001bc1      0x796 Core/Src/spi.o
 .debug_line    0x0000000000002357      0x725 Core/Src/stm32f4xx_hal_msp.o
 .debug_line    0x0000000000002a7c      0x7ff Core/Src/stm32f4xx_it.o
 .debug_line    0x000000000000327b      0x7a6 Core/Src/system_stm32f4xx.o
 .debug_line    0x0000000000003a21      0x78e Core/Src/usart.o
 .debug_line    0x00000000000041af       0x88 Core/Startup/startup_stm32f401ccux.o
 .debug_line    0x0000000000004237      0xa0c Drivers/STM32F4xx_HAL_Driver/Src/stm32f4xx_hal.o
 .debug_line    0x0000000000004c43      0xcbb Drivers/STM32F4xx_HAL_Driver/Src/stm32f4xx_hal_cortex.o
 .debug_line    0x00000000000058fe      0xb48 Drivers/STM32F4xx_HAL_Driver/Src/stm32f4xx_hal_gpio.o
 .debug_line    0x0000000000006446     0x3993 Drivers/STM32F4xx_HAL_Driver/Src/stm32f4xx_hal_i2c.o
 .debug_line    0x0000000000009dd9     0x1357 Drivers/STM32F4xx_HAL_Driver/Src/stm32f4xx_hal_pcd.o
 .debug_line    0x000000000000b130      0x7ef Drivers/STM32F4xx_HAL_Driver/Src/stm32f4xx_hal_pcd_ex.o
 .debug_line    0x000000000000b91f      0xd86 Drivers/STM32F4xx_HAL_Driver/Src/stm32f4xx_hal_rcc.o
 .debug_line    0x000000000000c6a5     0x1c94 Drivers/STM32F4xx_HAL_Driver/Src/stm32f4xx_hal_spi.o
 .debug_line    0x000000000000e339     0x1ad2 Drivers/STM32F4xx_HAL_Driver/Src/stm32f4xx_hal_uart.o
 .debug_line    0x000000000000fe0b     0x18dd Drivers/STM32F4xx_HAL_Driver/Src/stm32f4xx_ll_usb.o
 .debug_line    0x00000000000116e8      0xd6c Middlewares/ST/STM32_USB_Device_Library/Class/CustomHID/Src/usbd_customhid.o
 .debug_line    0x0000000000012454      0xe75 Middlewares/ST/STM32_USB_Device_Library/Core/Src/usbd_core.o
 .debug_line    0x00000000000132c9     0x10f5 Middlewares/ST/STM32_USB_Device_Library/Core/Src/usbd_ctlreq.o
 .debug_line    0x00000000000143be      0xacc Middlewares/ST/STM32_USB_Device_Library/Core/Src/usbd_ioreq.o
 .debug_line    0x0000000000014e8a      0xa9b USB_DEVICE/App/usb_device.o
 .debug_line    0x0000000000015925      0xa96 USB_DEVICE/App/usbd_custom_hid_if.o
 .debug_line    0x00000000000163bb      0xb51 USB_DEVICE/App/usbd_desc.o
 .debug_line    0x0000000000016f0c      0xe70 USB_DEVICE/Target/usbd_conf.o

.debug_str      0x0000000000000000    0x8ca90
 .debug_str     0x0000000000000000    0x829bc Core/Src/gpio.o
                                      0x82c56 (size before relaxing)
 .debug_str     0x00000000000829bc      0x50c Core/Src/i2c.o
                                      0x8316e (size before relaxing)
 .debug_str     0x0000000000082ec8     0x5625 Core/Src/main.o
                                      0x888c1 (size before relaxing)
 .debug_str     0x00000000000884ed       0x4b Core/Src/spi.o
                                      0x830b3 (size before relaxing)
 .debug_str     0x0000000000088538       0x2c Core/Src/stm32f4xx_hal_msp.o
                                      0x82bb9 (size before relaxing)
 .debug_str     0x0000000000088564      0x3ec Core/Src/stm32f4xx_it.o
                                      0x82eea (size before relaxing)
 .debug_str     0x0000000000088950       0xaf Core/Src/system_stm32f4xx.o
                                      0x82a37 (size before relaxing)
 .debug_str     0x00000000000889ff       0x57 Core/Src/usart.o
                                      0x830bb (size before relaxing)
 .debug_str     0x0000000000088a56       0x36 Core/Startup/startup_stm32f401ccux.o
                                         0x74 (size before relaxing)
 .debug_str     0x0000000000088a8c      0x8fb Drivers/STM32F4xx_HAL_Driver/Src/stm32f4xx_hal.o
                                      0x833b7 (size before relaxing)
 .debug_str     0x0000000000089387      0x399 Drivers/STM32F4xx_HAL_Driver/Src/stm32f4xx_hal_cortex.o
                                      0x83194 (size before relaxing)
 .debug_str     0x0000000000089720      0x15f Drivers/STM32F4xx_HAL_Driver/Src/stm32f4xx_hal_gpio.o
                                      0x82bde (size before relaxing)
 .debug_str     0x000000000008987f      0xaab Drivers/STM32F4xx_HAL_Driver/Src/stm32f4xx_hal_i2c.o
                                      0x839ac (size before relaxing)
 .debug_str     0x000000000008a32a      0x564 Drivers/STM32F4xx_HAL_Driver/Src/stm32f4xx_hal_pcd.o
                                      0x8320f (size before relaxing)
 .debug_str     0x000000000008a88e      0x13f Drivers/STM32F4xx_HAL_Driver/Src/stm32f4xx_hal_pcd_ex.o
                                      0x82dda (size before relaxing)
 .debug_str     0x000000000008a9cd      0x24e Drivers/STM32F4xx_HAL_Driver/Src/stm32f4xx_hal_rcc.o
                                      0x82e39 (size before relaxing)
 .debug_str     0x000000000008ac1b      0x564 Drivers/STM32F4xx_HAL_Driver/Src/stm32f4xx_hal_spi.o
                                      0x832c9 (size before relaxing)
 .debug_str     0x000000000008b17f      0x5ea Drivers/STM32F4xx_HAL_Driver/Src/stm32f4xx_hal_uart.o
                                      0x83389 (size before relaxing)
 .debug_str     0x000000000008b769      0x687 Drivers/STM32F4xx_HAL_Driver/Src/stm32f4xx_ll_usb.o
                                      0x83330 (size before relaxing)
 .debug_str     0x000000000008bdf0      0x3a2 Middlewares/ST/STM32_USB_Device_Library/Class/CustomHID/Src/usbd_customhid.o
                                      0x88097 (size before relaxing)
 .debug_str     0x000000000008c192      0x1a2 Middlewares/ST/STM32_USB_Device_Library/Core/Src/usbd_core.o
                                      0x87ce2 (size before relaxing)
 .debug_str     0x000000000008c334      0x14d Middlewares/ST/STM32_USB_Device_Library/Core/Src/usbd_ctlreq.o
                                      0x87ca0 (size before relaxing)
 .debug_str     0x000000000008c481       0xc9 Middlewares/ST/STM32_USB_Device_Library/Core/Src/usbd_ioreq.o
                                      0x87bf0 (size before relaxing)
 .debug_str     0x000000000008c54a       0xe6 USB_DEVICE/App/usb_device.o
                                      0x87e6d (size before relaxing)
 .debug_str     0x000000000008c630       0x89 USB_DEVICE/App/usbd_custom_hid_if.o
                                      0x87e32 (size before relaxing)
 .debug_str     0x000000000008c6b9      0x283 USB_DEVICE/App/usbd_desc.o
                                      0x87b57 (size before relaxing)
 .debug_str     0x000000000008c93c      0x154 USB_DEVICE/Target/usbd_conf.o
                                      0x88941 (size before relaxing)

.comment        0x0000000000000000       0x53
 .comment       0x0000000000000000       0x53 Core/Src/gpio.o
                                         0x54 (size before relaxing)
 .comment       0x0000000000000053       0x54 Core/Src/i2c.o
 .comment       0x0000000000000053       0x54 Core/Src/main.o
 .comment       0x0000000000000053       0x54 Core/Src/spi.o
 .comment       0x0000000000000053       0x54 Core/Src/stm32f4xx_hal_msp.o
 .comment       0x0000000000000053       0x54 Core/Src/stm32f4xx_it.o
 .comment       0x0000000000000053       0x54 Core/Src/system_stm32f4xx.o
 .comment       0x0000000000000053       0x54 Core/Src/usart.o
 .comment       0x0000000000000053       0x54 Drivers/STM32F4xx_HAL_Driver/Src/stm32f4xx_hal.o
 .comment       0x0000000000000053       0x54 Drivers/STM32F4xx_HAL_Driver/Src/stm32f4xx_hal_cortex.o
 .comment       0x0000000000000053       0x54 Drivers/STM32F4xx_HAL_Driver/Src/stm32f4xx_hal_gpio.o
 .comment       0x0000000000000053       0x54 Drivers/STM32F4xx_HAL_Driver/Src/stm32f4xx_hal_i2c.o
 .comment       0x0000000000000053       0x54 Drivers/STM32F4xx_HAL_Driver/Src/stm32f4xx_hal_pcd.o
 .comment       0x0000000000000053       0x54 Drivers/STM32F4xx_HAL_Driver/Src/stm32f4xx_hal_pcd_ex.o
 .comment       0x0000000000000053       0x54 Drivers/STM32F4xx_HAL_Driver/Src/stm32f4xx_hal_rcc.o
 .comment       0x0000000000000053       0x54 Drivers/STM32F4xx_HAL_Driver/Src/stm32f4xx_hal_spi.o
 .comment       0x0000000000000053       0x54 Drivers/STM32F4xx_HAL_Driver/Src/stm32f4xx_hal_uart.o